Mock Version: 3.0
ENTER ['do_with_status'](['bash', '--login', '-c', '/usr/bin/rpmbuild -bs --target armv6hl --nodeps /builddir/build/SPECS/mock-redsleeve-configs.spec'], chrootPath='/var/lib/mock/redsleeve-9-armv6hl/root'env={'TERM': 'vt100', 'SHELL': '/bin/bash', 'HOME': '/builddir', 'HOSTNAME': 'mock', 'PATH': '/usr/bin:/bin:/usr/sbin:/sbin', 'PROMPT_COMMAND': 'printf "\\033]0;<mock-chroot>\\007"', 'PS1': '<mock-chroot> \\s-\\v\\$ ', 'LANG': 'C.UTF-8'}shell=Falselogger=<mockbuild.trace_decorator.getLog object at 0xb438c790>timeout=0uid=1001gid=135user='mockbuild'nspawn_args=['--capability=cap_ipc_lock', '--bind=/tmp/mock-resolv.b_1o_vpi:/etc/resolv.conf', '--bind=/dev/btrfs-control', '--bind=/dev/loop-control', '--bind=/dev/loop0', '--bind=/dev/loop1', '--bind=/dev/loop2', '--bind=/dev/loop3', '--bind=/dev/loop4', '--bind=/dev/loop5', '--bind=/dev/loop6', '--bind=/dev/loop7', '--bind=/dev/loop8', '--bind=/dev/loop9', '--bind=/dev/loop10', '--bind=/dev/loop11']unshare_net=TrueprintOutput=True)
Using nspawn with args ['--capability=cap_ipc_lock', '--bind=/tmp/mock-resolv.b_1o_vpi:/etc/resolv.conf', '--bind=/dev/btrfs-control', '--bind=/dev/loop-control', '--bind=/dev/loop0', '--bind=/dev/loop1', '--bind=/dev/loop2', '--bind=/dev/loop3', '--bind=/dev/loop4', '--bind=/dev/loop5', '--bind=/dev/loop6', '--bind=/dev/loop7', '--bind=/dev/loop8', '--bind=/dev/loop9', '--bind=/dev/loop10', '--bind=/dev/loop11']
Executing command: ['/usr/bin/systemd-nspawn', '-q', '-M', '16bfc8de2a324b3ab3e16481147bf118', '-D', '/var/lib/mock/redsleeve-9-armv6hl/root', '-a', '-u', 'mockbuild', '--capability=cap_ipc_lock', '--bind=/tmp/mock-resolv.b_1o_vpi:/etc/resolv.conf', '--bind=/dev/btrfs-control', '--bind=/dev/loop-control', '--bind=/dev/loop0', '--bind=/dev/loop1', '--bind=/dev/loop2', '--bind=/dev/loop3', '--bind=/dev/loop4', '--bind=/dev/loop5', '--bind=/dev/loop6', '--bind=/dev/loop7', '--bind=/dev/loop8', '--bind=/dev/loop9', '--bind=/dev/loop10', '--bind=/dev/loop11', '--console=pipe', '--setenv=TERM=vt100', '--setenv=SHELL=/bin/bash', '--setenv=HOME=/builddir', '--setenv=HOSTNAME=mock', '--setenv=PATH=/usr/bin:/bin:/usr/sbin:/sbin', '--setenv=PROMPT_COMMAND=printf "\\033]0;<mock-chroot>\\007"', '--setenv=PS1=<mock-chroot> \\s-\\v\\$ ', '--setenv=LANG=C.UTF-8', '--resolv-conf=off', 'bash', '--login', '-c', '/usr/bin/rpmbuild -bs --target armv6hl --nodeps /builddir/build/SPECS/mock-redsleeve-configs.spec'] with env {'TERM': 'vt100', 'SHELL': '/bin/bash', 'HOME': '/builddir', 'HOSTNAME': 'mock', 'PATH': '/usr/bin:/bin:/usr/sbin:/sbin', 'PROMPT_COMMAND': 'printf "\\033]0;<mock-chroot>\\007"', 'PS1': '<mock-chroot> \\s-\\v\\$ ', 'LANG': 'C.UTF-8', 'SYSTEMD_NSPAWN_TMPFS_TMP': '0', 'SYSTEMD_SECCOMP': '0'} and shell False
Building target platforms: armv6hl
Building for target armv6hl
setting SOURCE_DATE_EPOCH=1786147200
Wrote: /builddir/build/SRPMS/mock-redsleeve-configs-37.4-1.el9.src.rpm
Child return code was: 0
ENTER ['do_with_status'](['bash', '--login', '-c', '/usr/bin/rpmbuild -bb --target armv6hl --nodeps /builddir/build/SPECS/mock-redsleeve-configs.spec'], chrootPath='/var/lib/mock/redsleeve-9-armv6hl/root'env={'TERM': 'vt100', 'SHELL': '/bin/bash', 'HOME': '/builddir', 'HOSTNAME': 'mock', 'PATH': '/usr/bin:/bin:/usr/sbin:/sbin', 'PROMPT_COMMAND': 'printf "\\033]0;<mock-chroot>\\007"', 'PS1': '<mock-chroot> \\s-\\v\\$ ', 'LANG': 'C.UTF-8'}shell=Falselogger=<mockbuild.trace_decorator.getLog object at 0xb438c790>timeout=0uid=1001gid=135user='mockbuild'nspawn_args=['--capability=cap_ipc_lock', '--bind=/tmp/mock-resolv.b_1o_vpi:/etc/resolv.conf', '--bind=/dev/btrfs-control', '--bind=/dev/loop-control', '--bind=/dev/loop0', '--bind=/dev/loop1', '--bind=/dev/loop2', '--bind=/dev/loop3', '--bind=/dev/loop4', '--bind=/dev/loop5', '--bind=/dev/loop6', '--bind=/dev/loop7', '--bind=/dev/loop8', '--bind=/dev/loop9', '--bind=/dev/loop10', '--bind=/dev/loop11']unshare_net=TrueprintOutput=True)
Using nspawn with args ['--capability=cap_ipc_lock', '--bind=/tmp/mock-resolv.b_1o_vpi:/etc/resolv.conf', '--bind=/dev/btrfs-control', '--bind=/dev/loop-control', '--bind=/dev/loop0', '--bind=/dev/loop1', '--bind=/dev/loop2', '--bind=/dev/loop3', '--bind=/dev/loop4', '--bind=/dev/loop5', '--bind=/dev/loop6', '--bind=/dev/loop7', '--bind=/dev/loop8', '--bind=/dev/loop9', '--bind=/dev/loop10', '--bind=/dev/loop11']
Executing command: ['/usr/bin/systemd-nspawn', '-q', '-M', 'fc8204a4f768476cbad37b89dd3dd0fd', '-D', '/var/lib/mock/redsleeve-9-armv6hl/root', '-a', '-u', 'mockbuild', '--capability=cap_ipc_lock', '--bind=/tmp/mock-resolv.b_1o_vpi:/etc/resolv.conf', '--bind=/dev/btrfs-control', '--bind=/dev/loop-control', '--bind=/dev/loop0', '--bind=/dev/loop1', '--bind=/dev/loop2', '--bind=/dev/loop3', '--bind=/dev/loop4', '--bind=/dev/loop5', '--bind=/dev/loop6', '--bind=/dev/loop7', '--bind=/dev/loop8', '--bind=/dev/loop9', '--bind=/dev/loop10', '--bind=/dev/loop11', '--console=pipe', '--setenv=TERM=vt100', '--setenv=SHELL=/bin/bash', '--setenv=HOME=/builddir', '--setenv=HOSTNAME=mock', '--setenv=PATH=/usr/bin:/bin:/usr/sbin:/sbin', '--setenv=PROMPT_COMMAND=printf "\\033]0;<mock-chroot>\\007"', '--setenv=PS1=<mock-chroot> \\s-\\v\\$ ', '--setenv=LANG=C.UTF-8', '--resolv-conf=off', 'bash', '--login', '-c', '/usr/bin/rpmbuild -bb --target armv6hl --nodeps /builddir/build/SPECS/mock-redsleeve-configs.spec'] with env {'TERM': 'vt100', 'SHELL': '/bin/bash', 'HOME': '/builddir', 'HOSTNAME': 'mock', 'PATH': '/usr/bin:/bin:/usr/sbin:/sbin', 'PROMPT_COMMAND': 'printf "\\033]0;<mock-chroot>\\007"', 'PS1': '<mock-chroot> \\s-\\v\\$ ', 'LANG': 'C.UTF-8', 'SYSTEMD_NSPAWN_TMPFS_TMP': '0', 'SYSTEMD_SECCOMP': '0'} and shell False
Building target platforms: armv6hl
Building for target armv6hl
setting SOURCE_DATE_EPOCH=1786147200
Executing(%prep): /bin/sh -e /var/tmp/rpm-tmp.48qeyo
+ umask 022
+ cd /builddir/build/BUILD
+ cd /builddir/build/BUILD
+ rm -rf mock-redsleeve-configs-37.4
+ /usr/bin/gzip -dc /builddir/build/SOURCES/mock-redsleeve-configs-37.4.tar.gz
+ /usr/bin/tar -xof -
+ STATUS=0
+ '[' 0 -ne 0 ']'
+ cd mock-redsleeve-configs-37.4
+ /usr/bin/chmod -Rf a+rX,u+w,g-w,o-w .
+ RPM_EC=0
++ jobs -p
+ exit 0
Executing(%build): /bin/sh -e /var/tmp/rpm-tmp.fMK6GK
+ umask 022
+ cd /builddir/build/BUILD
+ cd mock-redsleeve-configs-37.4
+ RPM_EC=0
++ jobs -p
+ exit 0
Executing(%install): /bin/sh -e /var/tmp/rpm-tmp.AnTdsW
+ umask 022
+ cd /builddir/build/BUILD
+ '[' /builddir/build/BUILDROOT/mock-redsleeve-configs-37.4-1.el9.arm '!=' / ']'
+ rm -rf /builddir/build/BUILDROOT/mock-redsleeve-configs-37.4-1.el9.arm
++ dirname /builddir/build/BUILDROOT/mock-redsleeve-configs-37.4-1.el9.arm
+ mkdir -p /builddir/build/BUILDROOT
+ mkdir /builddir/build/BUILDROOT/mock-redsleeve-configs-37.4-1.el9.arm
+ cd mock-redsleeve-configs-37.4
+ mkdir -p /builddir/build/BUILDROOT/mock-redsleeve-configs-37.4-1.el9.arm/etc/mock/templates
+ cp -a etc/mock/redsleeve-9-armv6hl.cfg etc/mock/redsleeve-9-armv7hl.cfg /builddir/build/BUILDROOT/mock-redsleeve-configs-37.4-1.el9.arm/etc/mock
+ cp -a etc/mock/templates/redsleeve-9-armv6hl.tpl etc/mock/templates/redsleeve-9-armv7hl.tpl /builddir/build/BUILDROOT/mock-redsleeve-configs-37.4-1.el9.arm/etc/mock/templates
+ /usr/bin/find-debuginfo -j4 --strict-build-id -m -i --build-id-seed 37.4-1.el9 --unique-debug-suffix -37.4-1.el9.arm --unique-debug-src-base mock-redsleeve-configs-37.4-1.el9.arm --run-dwz --dwz-low-mem-die-limit 10000000 --dwz-max-die-limit 50000000 --remove-section .gnu.build.attributes -S debugsourcefiles.list /builddir/build/BUILD/mock-redsleeve-configs-37.4
+ /usr/lib/rpm/check-buildroot
+ /usr/lib/rpm/redhat/brp-ldconfig
+ /usr/lib/rpm/brp-compress
+ /usr/lib/rpm/redhat/brp-strip-lto /usr/bin/strip
+ /usr/lib/rpm/brp-strip-static-archive /usr/bin/strip
+ /usr/lib/rpm/redhat/brp-python-bytecompile '' 1 0
+ /usr/lib/rpm/brp-python-hardlink
+ /usr/lib/rpm/redhat/brp-mangle-shebangs
Processing files: mock-redsleeve-configs-37.4-1.el9.noarch
Executing(%doc): /bin/sh -e /var/tmp/rpm-tmp.LTiDys
+ umask 022
+ cd /builddir/build/BUILD
+ cd mock-redsleeve-configs-37.4
+ DOCDIR=/builddir/build/BUILDROOT/mock-redsleeve-configs-37.4-1.el9.arm/usr/share/doc/mock-redsleeve-configs
+ export LC_ALL=C
+ LC_ALL=C
+ export DOCDIR
+ /usr/bin/mkdir -p /builddir/build/BUILDROOT/mock-redsleeve-configs-37.4-1.el9.arm/usr/share/doc/mock-redsleeve-configs
+ cp -pr README /builddir/build/BUILDROOT/mock-redsleeve-configs-37.4-1.el9.arm/usr/share/doc/mock-redsleeve-configs
+ RPM_EC=0
++ jobs -p
+ exit 0
Executing(%license): /bin/sh -e /var/tmp/rpm-tmp.w62xjT
+ umask 022
+ cd /builddir/build/BUILD
+ cd mock-redsleeve-configs-37.4
+ LICENSEDIR=/builddir/build/BUILDROOT/mock-redsleeve-configs-37.4-1.el9.arm/usr/share/licenses/mock-redsleeve-configs
+ export LC_ALL=C
+ LC_ALL=C
+ export LICENSEDIR
+ /usr/bin/mkdir -p /builddir/build/BUILDROOT/mock-redsleeve-configs-37.4-1.el9.arm/usr/share/licenses/mock-redsleeve-configs
+ cp -pr COPYING /builddir/build/BUILDROOT/mock-redsleeve-configs-37.4-1.el9.arm/usr/share/licenses/mock-redsleeve-configs
+ RPM_EC=0
++ jobs -p
+ exit 0
Provides: mock-redsleeve-configs mock-redsleeve-configs = 37.4-1.el9
Requires(rpmlib): rpmlib(CompressedFileNames) <= 3.0.4-1 rpmlib(FileDigests) <= 4.6.0-1 rpmlib(PayloadFilesHavePrefix) <= 4.0-1
Requires(post): (python3-libdnf5 or (python3-dnf and python3-hawkey)) coreutils python3 system-release
Checking for unpackaged file(s): /usr/lib/rpm/check-files /builddir/build/BUILDROOT/mock-redsleeve-configs-37.4-1.el9.arm
Wrote: /builddir/build/RPMS/mock-redsleeve-configs-37.4-1.el9.noarch.rpm
Executing(%clean): /bin/sh -e /var/tmp/rpm-tmp.uY3VLn
+ umask 022
+ cd /builddir/build/BUILD
+ cd mock-redsleeve-configs-37.4
+ /usr/bin/rm -rf /builddir/build/BUILDROOT/mock-redsleeve-configs-37.4-1.el9.arm
+ RPM_EC=0
++ jobs -p
+ exit 0
Child return code was: 0
