gpg-pubkey-2f00d701-6317b177 1662497143 0 (none) installed
rust-srpm-macros-17-4.el9.redsleeve.noarch 1659273193 2446 49ef8ef7f66551283baf25bd70810d00 installed
qt5-srpm-macros-5.15.9-1.el9.noarch 1703806117 492 45a59130e3572c681e5fe8b958e82cdc installed
perl-srpm-macros-1-41.el9.noarch 1659079733 862 5e7096dac5383117f7efa6b340aab62a installed
openblas-srpm-macros-2-11.el9.redsleeve.noarch 1659224297 103 26fcc7a0669da3fd5eae0ab8300c5c74 installed
ocaml-srpm-macros-6-6.el9.noarch 1659036992 745 5f7082acf2dc73c71f7a55f428e79d91 installed
ghc-srpm-macros-1.5.0-6.el9.noarch 1658887730 535 063c52e0542aacbebe817247e41aa072 installed
tzdata-2026b-1.el9_8.noarch 1782162445 1922383 7ffcd66c9e45a82e472f04d6e50d956d installed
publicsuffix-list-dafsa-20210518-3.el9.noarch 1658484769 68815 408fcde2d59a2f9a3e18ecdd96615971 installed
pkgconf-m4-1.7.3-10.el9.noarch 1686085492 14187 ff787b3cac301d2e788290b6ff205bbd installed
pcre2-syntax-10.40-6.el9.noarch 1735104373 234324 b6c95c3710d14408d7b61c6dd933e4e9 installed
ncurses-base-6.2-12.20210508.el9.noarch 1766441027 307293 dcbdab72adbb367a7a192805d6d153d1 installed
libssh-config-0.10.4-18.el9.noarch 1781393812 277 b4fd63db8af875ace38a25892a36c965 installed
gawk-all-langpacks-5.1.0-6.el9.armv6hl 1658515890 1205149 19daa7a72c2dc3d084ca0d762b2b76ab installed
coreutils-common-8.32-41.el9_8.armv6hl 1783092508 10880341 00d9f061e9feaac7e9492e48c9560765 installed
ncurses-libs-6.2-12.20210508.el9.armv6hl 1766441027 1092475 e2d56a860fb2fddf95df57edfa4f24a6 installed
redsleeve-release-9.8-0.el9.noarch 1781137778 32063 cc11b60aa70fb9e2f634bfd66cacd9de installed
setup-2.13.7-10.el9.noarch 1717485764 725932 876afa082c9fa10fe4fa5d51404e10d4 installed
filesystem-3.16-5.el9.armv6hl 1735067435 88 6e3ae4493bee390136745e95fd678302 installed
basesystem-11-13.el9.0.1.noarch 1717417548 0 418a03d49144be07b1d5cfe660586f78 installed
bash-5.1.8-9.el9.armv6hl 1717417601 7623021 67bcb95fab4e64161d5ed76830a34aee installed
libgcc-11.5.0-14.el9.redsleeve.armv6hl 1782175757 234810 1817c8120488830de3484038b05cb12c installed
glibc-gconv-extra-2.34-275.el9_8.redsleeve.armv6hl 1785906138 19221270 42bd5274d49122ffb601ee87b6397226 installed
glibc-minimal-langpack-2.34-275.el9_8.redsleeve.armv6hl 1785906138 0 ea02176dac8cb0783390dff316910589 installed
glibc-common-2.34-275.el9_8.redsleeve.armv6hl 1785906138 1345022 4807aef7aac77ab8c5837508d1c59a51 installed
glibc-2.34-275.el9_8.redsleeve.armv6hl 1785906138 5783064 22b6d8557664e36f1fdf7cde5227c264 installed
crypto-policies-20260224-1.gitea0f072.el9.noarch 1782715857 101102 bbfd5e3bda82b5a4a152f59d8c23eaaa installed
systemd-rpm-macros-252-67.el9_8.4.redsleeve.noarch 1783255206 10405 9509132047cf02d67edc6c10ce935110 installed
zlib-1.2.11-40.el9.armv6hl 1703536251 185879 1f00d08bc04a2cfa6cb766a6157f8dfe installed
xz-libs-5.2.5-8.el9.armv6hl 1658503527 151567 beecf3e47f2a025ac2876a45ee334037 installed
bzip2-libs-1.0.8-11.el9.armv6hl 1781132494 73306 0800c44e43059b1f03c724e52806c854 installed
libacl-2.4.0-1.el9_8.armv6hl 1784772902 68608 45342565635f5f36366a58a2dc3aeb96 installed
libzstd-1.5.5-1.el9.armv6hl 1754035159 683072 b14752e5878257700df3d67d29d64cad installed
libxcrypt-4.4.18-3.el9.armv6hl 1659686838 274014 6b5aa381d9f124fa45186afbce1409eb installed
elfutils-libelf-0.194-1.el9.rocky.0.1.armv6hl 1781277616 1196646 571af08ea8793bf2079f508cb2a997df installed
libcap-2.48-10.el9.1.armv6hl 1778256786 503469 86e66fc96d7fbb8843b29fbc099436b6 installed
libstdc++-11.5.0-14.el9.redsleeve.armv6hl 1782175757 2236279 967c2e27952ed111f5e3034edf9032df installed
libuuid-2.37.4-25.el9.armv6hl 1782319439 70011 937ac214ed3d2d91183ff538ae332869 installed
gmp-1:6.2.0-13.el9.armv6hl 1703589156 540482 17ba4462df0c9af98ce9cf2d854ddcc7 installed
lz4-libs-1.9.3-5.el9.armv6hl 1658466519 123889 320f2b17ce245059a82d19592fa66ccd installed
popt-1.18-8.el9.armv6hl 1658483572 121186 a1285b708333fdfd23194432ed08fb63 installed
libattr-2.5.1-3.el9.armv6hl 1658420972 20415 42d2dadb5e086507605fb9b54c4ed307 installed
libcap-ng-0.8.2-7.el9.armv6hl 1658451724 57160 10ac6ae27ca6ad667d90f6464ba345be installed
audit-libs-3.1.5-8.el9.armv6hl 1781242275 296017 b9050bc3f08ca00072a2f8643d62281c installed
libcom_err-1.46.5-8.el9.armv6hl 1766484718 112667 0c29702a0c0b8ddd3ad590dea21d08b9 installed
readline-8.1-4.el9.armv6hl 1658486996 394252 bd9bc55130ba0c0073d14e555836a93f installed
mpfr-4.1.0-10.el9.armv6hl 1781136864 540977 218adce0bc091fb9833a6f7aa60417df installed
dwz-0.16-1.el9.armv6hl 1766595277 327964 b376169605c4594f644db4e3ae4e292f installed
unzip-6.0-60.el9_8.armv6hl 1781143633 478079 7a3405829b6e9304306984ff1c7d9bc8 installed
file-libs-5.39-17.el9.armv6hl 1781242718 8102390 829a55bf60c0ed655091ab2996d56028 installed
file-5.39-17.el9.armv6hl 1781242718 142492 4cb028ea400df45789f89a154abee6bb installed
sqlite-libs-3.34.1-10.el9_8.armv6hl 1781138487 1225742 8cde21c9401958e9695dec9736c3c020 installed
alternatives-1.24-2.el9.armv6hl 1753956721 91173 cdc47ddc050cb1b6f74f204dd7b9b0a2 installed
gdbm-libs-1:1.23-1.el9.armv6hl 1735069472 172202 092335a45d93f7c11f5fa5136c462370 installed
libatomic-11.5.0-14.el9.redsleeve.armv6hl 1782175757 70092 02bf307e6028990fd4e44837c944643a installed
libffi-3.4.2-8.el9.armv6hl 1703494467 52599 b1d426e1b4d669fa05e61b078249ce65 installed
libsepol-3.6-3.el9.armv6hl 1766435800 828533 c3100779764d0d0a92421141dc3248d0 installed
libsigsegv-2.13-4.el9.armv6hl 1658459907 45388 47bcd08a3d2b2230fc5b245909401873 installed
gawk-5.1.0-6.el9.armv6hl 1658515890 1552466 9ce8ba814641cf9461b2a8b61d7377cc installed
libsmartcols-2.37.4-25.el9.armv6hl 1782319439 162833 8fc3e88b3c43b466c016b5f90d644cbd installed
libtasn1-4.16.0-10.el9_8.redsleeve.armv6hl 1783254653 223558 a6d7a8989c5aaa0b6a1c781b3d61dc5b installed
p11-kit-0.26.4-1.el9_8.armv6hl 1785903794 2690563 88c29bf469ce8f5021773962deca6f49 installed
libunistring-0.9.10-15.el9.armv6hl 1658461539 1551905 5dd1e1bf27113594347257be61eb441c installed
libidn2-2.3.0-7.el9.armv6hl 1658456608 244518 b70bce5572eacbbb94c7a004fbe7aa16 installed
lua-libs-5.4.4-4.el9.armv6hl 1703504622 241953 7e707c68b336e8c585407651fac146c2 installed
pcre2-10.40-6.el9.armv6hl 1735104373 663118 231636fc7b0cc1a7354379efdad61cff installed
libselinux-3.6-3.el9.armv6hl 1753993781 204911 fc5d9bc4a0da1d651b111e81a34f5f76 installed
sed-4.8-10.el9_8.armv6hl 1781137910 831999 8e5c92dcc439eff0265c33708c6d7156 installed
findutils-1:4.8.0-7.el9.armv6hl 1735067864 1738554 664a3f42e61a891f5cf241c6c1aa4ef3 installed
libsemanage-3.6-5.el9.armv6hl 1753993987 305408 7816d07f398187dacf69f012970fff6b installed
shadow-utils-2:4.9-16.el9.armv6hl 1781241520 4159345 a4e50bd406ad68699e09df54a379aefc installed
libutempter-1.2.1-6.el9.armv6hl 1658462294 45183 4a2520efcaa516d8affb86572fe273e0 installed
tar-2:1.34-11.el9.armv6hl 1781349789 3169730 9270bcb786ae8a2226fd8ccfd6b2b2bf installed
libpsl-0.21.1-5.el9.armv6hl 1658618097 69534 f2b12338945ef80afea27f82bbe2817f installed
p11-kit-trust-0.26.4-1.el9_8.armv6hl 1785903794 475091 71a0c4657d183ce54790bc172ca9b6f5 installed
zip-3.0-35.el9.armv6hl 1686103412 680471 5970d752e668db049bad336577168193 installed
zstd-1.5.5-1.el9.armv6hl 1754035159 954947 16ab051b781ac0a406c3a98bafd11ba6 installed
groff-base-1.22.4-10.el9.armv6hl 1660376525 3557938 f72f881e7bdbfca99b3ad53b0393c9d0 installed
acl-2.4.0-1.el9_8.armv6hl 1784772902 335761 a7a0c8b4319fdc5a1f33335852eca4be installed
bzip2-1.0.8-11.el9.armv6hl 1781132494 175028 3316b67a9299fca386c3e90d34be0833 installed
libxml2-2.9.13-14.el9_8.2.armv6hl 1784177294 1828086 becdbc5730c978c22f6914bd8d7a40ae installed
info-6.7-15.el9.armv6hl 1658500045 439747 9e5c907b17880a56945bf103160eae69 installed
ed-1.14.2-12.el9.armv6hl 1658437975 120875 ba1fe42d5b6913dd327cfc04e5755007 installed
patch-2.7.6-16.el9.armv6hl 1659042707 276802 38e5f772997368f8403046bb5751df47 installed
cpio-2.13-16.el9.armv6hl 1658425538 1068747 3e7a1827f802db3cd6223475fa619bba installed
diffutils-3.7-12.el9.armv6hl 1658426466 1410286 0210a0e52f7422f51eebb23d1f62469d installed
expat-2.5.0-6.el9_8.1.armv6hl 1781156400 340781 ff98186a885de7955db9ab7c88c034e6 installed
json-c-0.14-11.el9.armv6hl 1658449364 61912 ebe528da552bc51067f7e5ad7c10374e installed
keyutils-libs-1.6.3-1.el9.armv6hl 1686054538 46317 09ed39f8f7db8ad9026edcb39afbfe83 installed
libbrotli-1.0.9-9.el9.armv6hl 1770559336 796368 22622d56b8f5bf31f1fcbc44c3082f88 installed
libdb-5.3.28-57.el9.armv6hl 1753988216 1626860 afd7a5120d3f11ad6df0250c68715436 installed
libeconf-0.4.1-7.el9_8.armv6hl 1781411341 73621 b2c3efdcffe206926537924f2b96f986 installed
libgomp-11.5.0-14.el9.redsleeve.armv6hl 1782175757 400271 3fdb06e89f028fa906a6fb56a7ecbe44 installed
libgpg-error-1.42-5.el9.armv6hl 1658456340 810590 3b7490bf63470b711da78e9224c82186 installed
libgcrypt-1.10.0-13.el9_8.armv6hl 1786085317 1106476 272cd877f2d1a61fff721ef989c9aa65 installed
libnghttp2-1.43.0-6.el9.1.armv6hl 1776605086 201822 e2e3fb0395076491262fdfd762215b0c installed
libpkgconf-1.7.3-10.el9.armv6hl 1686085492 53383 3efccf6a6d159f4037db0be46ab60ffb installed
pkgconf-1.7.3-10.el9.armv6hl 1686085492 68462 2de18ed8eabb575d81b73344b28487a2 installed
pkgconf-pkg-config-1.7.3-10.el9.armv6hl 1686085492 1192 2a2ca3650791473839539ec0b1d1e5d7 installed
libseccomp-2.5.2-2.el9.redsleeve.armv6hl 1658412229 174515 2de50e540c419cca3cf504f48d5da016 installed
libtool-ltdl-2.4.6-46.el9.armv6hl 1753994883 95278 04e3c16f28e3cc4431a8f2f5e71fbb60 installed
libverto-0.3.2-3.el9.armv6hl 1658462347 21367 1a63170491b3fff19338428e94bf2aab installed
ncurses-6.2-12.20210508.el9.armv6hl 1766441027 897588 ada1395839eb47b0309e285852297560 installed
pcre-8.44-4.el9.armv6hl 1735103834 564784 05601a39eefcb947b563a9a4cb01633a installed
grep-3.6-5.el9.armv6hl 1658442353 832280 d30976045b2bb4067239eeaf5a00717d installed
openssl-fips-provider-1:3.5.5-6.el9_8.armv6hl 1785306290 1336756 a0115a47ff441a8ca01d7cc3555ccbf0 installed
openssl-libs-1:3.5.5-6.el9_8.armv6hl 1785306290 5239713 7111c9ba44eb10a0013dc103cdff8b0d installed
coreutils-8.32-41.el9_8.armv6hl 1783092508 8319934 e615cd39465006bee52e317a42efbb31 installed
ca-certificates-2025.2.80_v9.0.305-91.el9.noarch 1766421838 2791711 28afc6539ab1c727b7ffc12788a2124b installed
libblkid-2.37.4-25.el9.armv6hl 1782319439 269715 b2f7378c1b9cb0eb6f0ebb694ae0350b installed
systemd-libs-252-67.el9_8.4.redsleeve.armv6hl 1783255206 1644254 464c15688e74a22a986ba709d43094a7 installed
libmount-2.37.4-25.el9.armv6hl 1782319439 296995 4a5801f90d20bd058ff3eb704fee822c installed
krb5-libs-1.21.1-10.el9_8.armv6hl 1781333093 2566352 2ee8623c865dcee03571ff79e689e560 installed
libfdisk-2.37.4-25.el9.armv6hl 1782319439 368133 4e83ab907dc324c7991d418af2f5a777 installed
gzip-1.12-1.el9.armv6hl 1670198751 371361 9646b381f800cc0bbd6a5c5dbacbd25f installed
cracklib-2.9.6-28.el9.armv6hl 1781134421 427008 718416d2b0ff963eeee8686a765f3520 installed
libarchive-3.5.3-9.el9.armv6hl 1776608608 799316 e47312ad8ed55e7100d821172188cd4d installed
xz-5.2.5-8.el9.armv6hl 1658503527 671911 0df30e76a30a128456ab808fd630520f installed
cracklib-dicts-2.9.6-28.el9.armv6hl 1781134421 9815154 12f263f22d0d734d73d4560f84840a09 installed
perl-Digest-1.19-4.el9.noarch 1659051629 36844 24d01316fa20c17371c751b3dfea64b5 installed
perl-Digest-MD5-2.58-4.el9.armv6hl 1659051723 56624 bc479357759cd1b552bc1fb1ad265d7a installed
perl-B-0:1.80-483.el9.armv6hl 1781305765 544643 cf9a8524806ec0078e9e44e1d5ae392c installed
perl-FileHandle-0:2.03-483.el9.noarch 1781305765 10533 fa60a0b25dc4de506f4337798fd39ef1 installed
perl-Data-Dumper-2.174-462.el9.armv6hl 1659051140 102907 ac212f0c825c6e81f862d59ca01080ad installed
perl-libnet-3.13-4.el9.noarch 1659079353 299357 bc3563ebc961e900dc3377cce1eea3fd installed
perl-AutoLoader-0:5.74-483.el9.noarch 1781305765 22038 8ad4be87ec58b786da405b22e2776f20 installed
perl-base-0:2.27-483.el9.noarch 1781305765 13820 89d3cd55c301bda76fd4c9162ac66fee installed
perl-URI-5.09-3.el9.noarch 1660278250 216915 4f045570c1efa714a2fe6d533f109b29 installed
perl-if-0:0.60.800-483.el9.noarch 1781305765 6875 5514b3a7989534ccf710a3ef7b4f4705 installed
perl-IO-Socket-IP-0.41-5.el9.noarch 1659070845 100240 4296c08aed0a2d704a0cae52d27a5b72 installed
perl-Time-Local-2:1.300-7.el9.noarch 1659077569 67344 ff7d8582ae0bae30bef55e1207018f13 installed
perl-File-Path-2.18-4.el9.noarch 1659053093 65333 f5b4016f07e6279be38f3375dc187195 installed
perl-IO-Socket-SSL-2.073-2.el9.noarch 1735584138 616300 9ee50ad1e24939fbc89bfd71c05c1313 installed
perl-Net-SSLeay-1.94-3.el9.armv6hl 1766664311 1482675 3874bbc92a70240448bd50c2b77dc2c0 installed
perl-Pod-Escapes-1:1.07-460.el9.noarch 1659075368 25764 8d4d5a7fae2758c1a68204ce46581151 installed
perl-Text-Tabs+Wrap-2013.0523-460.el9.noarch 1659077160 24828 c0b2b1fb599edb08eb3acf9df056d7ae installed
perl-Mozilla-CA-20200520-6.el9.noarch 1659074121 5866 987ef16e3c9b12f2874babfe31a531d2 installed
perl-Class-Struct-0:0.66-483.el9.noarch 1781305765 26954 26bbe66bdbe077ac478101ae8d218e27 installed
perl-POSIX-0:1.94-483.el9.armv6hl 1781305765 264014 00b34ab4732faee3b5e35980c4b62c56 installed
perl-Term-ANSIColor-5.01-461.el9.noarch 1659076348 100303 5338e9599115e7cfc6af1bea23503ec1 installed
perl-IPC-Open3-0:1.21-483.el9.noarch 1781305765 25047 9f8c61376bd980a2ad35703f16fdd3a7 installed
perl-subs-0:1.03-483.el9.noarch 1781305765 3061 8990203cf047c8bf3d355eda980cf508 installed
perl-File-Temp-1:0.231.100-4.el9.noarch 1659053237 166550 db0698e17e39924f1cff9cd2c240635f installed
perl-Term-Cap-1.17-460.el9.noarch 1659076401 29851 a74f949a4cee789e3ce81072631564b7 installed
perl-Pod-Simple-1:3.42-4.el9.noarch 1659075467 577293 cfc62b44b56336e8e8256418c46f93ef installed
perl-HTTP-Tiny-0.076-462.el9.noarch 1717781619 150675 99712fe501b32d8e9e0050b71b0f8d1b installed
perl-Socket-4:2.031-4.el9.armv6hl 1659075734 111887 83c2f014e4bb8e2f37f9a3ef1da946f0 installed
perl-SelectSaver-0:1.02-483.el9.noarch 1781305765 3171 a9462ada8a5b0355498b8f00dbdcb1fd installed
perl-Symbol-0:1.08-483.el9.noarch 1781305765 7847 91b0ef6e868d9a1713a6dd7660c9b7f0 installed
perl-File-stat-0:1.09-483.el9.noarch 1781305765 13950 ec5cdae258fa5b82c782ffa1ec8ef8ec installed
perl-podlators-1:4.14-460.el9.noarch 1659079673 288742 94c831d1e75ec32594ea3446be77d17f installed
perl-Pod-Perldoc-3.28.01-461.el9.noarch 1659075412 170960 0ff51da509a0a9d434010a55b3305034 installed
perl-Fcntl-0:1.13-483.el9.armv6hl 1781305765 74574 ebf1f2ed28682baddc48ebb4d040fb03 installed
perl-Text-ParseWords-3.30-460.el9.noarch 1659077062 13101 3ad26bb816284903076d3f040ca3b84a installed
perl-mro-0:1.23-483.el9.armv6hl 1781305765 83706 5b89cc7b6ea68619ab08f84a42457e99 installed
perl-IO-0:1.43-483.el9.armv6hl 1781305765 203363 7c64aa79f81ef55a9c1e7ebf1820f5e8 installed
perl-overloading-0:0.02-483.el9.noarch 1781305765 5894 cebe26d4eef534ec4aefefbf7206f96a installed
perl-Pod-Usage-4:2.01-4.el9.noarch 1659075546 87186 cdcfae4824a57e20ad10b197ceffd63e installed
perl-Errno-0:1.30-483.el9.armv6hl 1781305765 9512 b49f1b625e6e909365677ea1aa6e215a installed
perl-File-Basename-0:2.85-483.el9.noarch 1781305765 15340 7813fa218c3323dc687efde5f835631a installed
perl-Getopt-Std-0:1.12-483.el9.noarch 1781305765 12107 0a8deb9ade4e5ad098de3f125316e115 installed
perl-MIME-Base64-3.16-4.el9.armv6hl 1659072559 43299 f7eb84afe44c86803f39d67c4537999b installed
perl-Scalar-List-Utils-4:1.56-462.el9.armv6hl 1735584320 150770 786fe10497d665e06bbe54ea3c9d1815 installed
perl-constant-1.33-461.el9.noarch 1659079029 27104 1e2ca5b7519a100cbef7942078227411 installed
perl-Storable-1:3.21-460.el9.armv6hl 1659075929 198410 76b68ac1979986e6083e22f59943c89b installed
perl-overload-0:1.31-483.el9.noarch 1781305765 72822 1ec6f35f0f3e42177db1601f44f9c306 installed
perl-parent-1:0.238-460.el9.noarch 1659079575 9535 7b9d005a59c85338cc1d3efc94ba1614 installed
perl-vars-0:1.05-483.el9.noarch 1781305765 4927 c9f853bdedfeb5a946b1471e7fd786b0 installed
perl-Getopt-Long-1:2.52-4.el9.noarch 1659053580 139937 ca912ced5d847c8fd254845be21312c0 installed
perl-Carp-1.50-460.el9.noarch 1659049257 47889 f8694ba5697343b35eb2ba0249b883b1 installed
perl-Exporter-5.74-461.el9.noarch 1659052308 55359 3759a0b402f6391269f781da0ab42f68 installed
perl-NDBM_File-0:1.15-483.el9.armv6hl 1781305765 74223 68243e64a71c6c5a8f99d2e2597dc203 installed
perl-PathTools-3.78-461.el9.armv6hl 1659075170 177600 43fc5553c0be2c71e297e6a0ac54d024 installed
perl-Encode-4:3.08-462.el9.armv6hl 1659051908 4948652 aa1982f67f3ba7a4b53acc0057f81518 installed
perl-libs-4:5.32.1-483.el9.armv6hl 1781305765 8906721 b057655de96b02100822799daad9b33c installed
perl-interpreter-4:5.32.1-483.el9.armv6hl 1781305765 172478 9a11ab0c19f3ad54908e72c56e719956 installed
kernel-srpm-macros-1.0-14.el9.noarch 1766632930 16948 10b563df5b7c191989cfc3dfb8ba0932 installed
cyrus-sasl-lib-2.1.27-22.el9.armv6hl 1776538338 2387462 7482525dbbfefd6b3a5026a2b7f64e6f installed
libssh-0.10.4-18.el9.armv6hl 1781393812 525429 216cd405616c5c0c189a93830d51c4ef installed
util-linux-core-2.37.4-25.el9.armv6hl 1782319439 2195839 90fb82b35e1cdee2508e14ca3af8e21c installed
openssl-1:3.5.5-6.el9_8.armv6hl 1785306290 2103253 25d5523ccd93feeaab66cec369b9cbcd installed
libpwquality-1.4.4-8.el9.armv6hl 1658459115 392364 8f57d98d2c40f27aa171b8e5a13551a4 installed
pam-1.5.1-28.el9.armv6hl 1782320575 4603552 3a0261957af2d0976649039f04538ed4 installed
util-linux-2.37.4-25.el9.armv6hl 1782319439 13894455 aa2e67bf402af713b152c205b3cc8ab9 installed
kmod-libs-28-11.el9.armv6hl 1766434558 161672 d0cadcf06ed66d09eb782add73b26862 installed
dbus-1:1.12.20-8.el9.armv6hl 1703475961 0 a53af533326a92741c8ebe56918dfb4c installed
systemd-pam-252-67.el9_8.4.redsleeve.armv6hl 1783255206 475364 4aa4d9846c4e2e2217bb66b55af4aa0f installed
systemd-252-67.el9_8.4.redsleeve.armv6hl 1783255206 13991276 ebe5d7b07e2d486e7a04ecf6264f0310 installed
dbus-common-1:1.12.20-8.el9.noarch 1703475961 11394 f5daf378586978ce9615dfc242bf820f installed
dbus-broker-28-8.el9.armv6hl 1781414545 428721 875df88e57f68b5b036e20f0c3f13f35 installed
elfutils-default-yama-scope-0.194-1.el9.rocky.0.1.noarch 1781277616 1810 dc47f1fa42863507df1b22d1facb0944 installed
elfutils-libs-0.194-1.el9.rocky.0.1.armv6hl 1781277616 697085 e51d99ee02da5c8db55c9e1b55f20018 installed
libevent-2.1.12-8.el9.armv6hl 1725633333 793424 fd18b2299fee6fa9e576de118205bfd0 installed
openldap-2.6.8-4.el9.0.1.armv6hl 1754009048 1050263 b05f6b64d4d786b7a341a266613e15b1 installed
libcurl-7.76.1-40.el9.armv6hl 1781279082 607256 9d523fc7caacc2d46495283e927b23a6 installed
elfutils-debuginfod-client-0.194-1.el9.rocky.0.1.armv6hl 1781277616 145028 8de7c778d4d0cded0d95a698c8d06e7d installed
binutils-gold-2.35.2-72.el9.redsleeve.armv6hl 1781372535 2365591 39df4ec6dfe2d5a5eaeae5d1dcab734e installed
binutils-2.35.2-72.el9.redsleeve.armv6hl 1781372535 24952061 ff9578048658e01ea8f7c2259e32eec6 installed
elfutils-0.194-1.el9.rocky.0.1.armv6hl 1781277616 3131661 375caec3b79846ff6d2b7071e2c79cb4 installed
gdb-minimal-16.3-3.el9.armv6hl 1782409192 12744893 c7b88cd6ccc26c9ff315807b675dd56d installed
debugedit-5.0-11.el9.armv6hl 1766594893 245514 d392ddbe688f22d5071161ed3e0d1ab8 installed
curl-7.76.1-40.el9.armv6hl 1781279082 696385 e77d0ab47396c88ac1761512b4cd4a7a installed
rpm-4.16.1.3-40.el9.armv6hl 1781243642 2991093 b9155f903a73dc6b3bc2c7f30afe1071 installed
rpm-libs-4.16.1.3-40.el9.armv6hl 1781243642 681984 0a43724f70834016ba98ee7117286946 installed
efi-srpm-macros-6-4.el9.noarch 1766426814 41047 26834f4e8cfff5db8a3fd306f63f8311 installed
lua-srpm-macros-1-6.el9.noarch 1659011393 1314 a98650197634cdd577637cf3b9d6054e installed
rpm-build-libs-4.16.1.3-40.el9.armv6hl 1781243642 201256 49348eaee9f44b27e82858c16fda7a0e installed
fonts-srpm-macros-1:2.0.5-7.el9.1.noarch 1663283624 56503 53386b69720605cc1bdb5eed25d7db1c installed
go-srpm-macros-3.8.1-1.el9.redsleeve.noarch 1781979010 62613 f8e7485d4be6078932e4fc80d88dfcbb installed
python-srpm-macros-3.9-54.el9.noarch 1735591649 37605 4cc4d51687b08c628ea829a559126ddd installed
redhat-rpm-config-210-1.el9.redsleeve.noarch 1767451115 189912 dd06e5069b47af8fd7a9b3fadc5651ab installed
rpm-build-4.16.1.3-40.el9.armv6hl 1781243642 325429 9a82d8a23e03a74dbb883e9bd55ede48 installed
pyproject-srpm-macros-1.18.5-1.el9.noarch 1782173258 1945 c172b38f70b59cdc6cf143bd84535394 installed
which-2.21-30.el9.armv6hl 1754653173 121708 38ea4db87d37619eb5b91df1ab89f731 installed
