Mock Version: 6.7
Using nspawn with args ['--capability=cap_ipc_lock', '--bind=/tmp/mock-resolv.wlzndo07:/etc/resolv.conf', '--bind=/dev/btrfs-control', '--bind=/dev/mapper/control', '--bind=/dev/fuse', '--bind=/dev/loop-control', '--bind=/dev/loop0', '--bind=/dev/loop1', '--bind=/dev/loop2', '--bind=/dev/loop3', '--bind=/dev/loop4', '--bind=/dev/loop5', '--bind=/dev/loop6', '--bind=/dev/loop7', '--bind=/dev/loop8', '--bind=/dev/loop9', '--bind=/dev/loop10', '--bind=/dev/loop11']
Executing command: ['/usr/bin/systemd-nspawn', '-q', '-M', 'fb5ac7e287304acebb598ef188a1a4c2', '-D', '/var/lib/mock/redsleeve-local-9-armv6hl/root', '-a', '-u', 'mockbuild', '--capability=cap_ipc_lock', '--bind=/tmp/mock-resolv.wlzndo07:/etc/resolv.conf', '--bind=/dev/btrfs-control', '--bind=/dev/mapper/control', '--bind=/dev/fuse', '--bind=/dev/loop-control', '--bind=/dev/loop0', '--bind=/dev/loop1', '--bind=/dev/loop2', '--bind=/dev/loop3', '--bind=/dev/loop4', '--bind=/dev/loop5', '--bind=/dev/loop6', '--bind=/dev/loop7', '--bind=/dev/loop8', '--bind=/dev/loop9', '--bind=/dev/loop10', '--bind=/dev/loop11', '--console=pipe', '--setenv=TERM=vt100', '--setenv=SHELL=/bin/bash', '--setenv=HOME=/builddir', '--setenv=HOSTNAME=mock', '--setenv=PATH=/usr/bin:/bin:/usr/sbin:/sbin', '--setenv=PROMPT_COMMAND=printf "\\033]0;<mock-chroot>\\007"', '--setenv=PS1=<mock-chroot> \\s-\\v\\$ ', '--setenv=LANG=C.UTF-8', '--resolv-conf=off', 'bash', '--login', '-c', '/usr/bin/rpmbuild -bs --noclean --target armv6hl --nodeps /builddir/build/SPECS/linux-firmware.spec'] with env {'TERM': 'vt100', 'SHELL': '/bin/bash', 'HOME': '/builddir', 'HOSTNAME': 'mock', 'PATH': '/usr/bin:/bin:/usr/sbin:/sbin', 'PROMPT_COMMAND': 'printf "\\033]0;<mock-chroot>\\007"', 'PS1': '<mock-chroot> \\s-\\v\\$ ', 'LANG': 'C.UTF-8', 'SYSTEMD_NSPAWN_TMPFS_TMP': '0', 'SYSTEMD_SECCOMP': '0'} and shell False
Building target platforms: armv6hl
Building for target armv6hl
setting SOURCE_DATE_EPOCH=1783382400
Wrote: /builddir/build/SRPMS/linux-firmware-20260707-161.1.el9.redsleeve.src.rpm
Child return code was: 0
Using nspawn with args ['--capability=cap_ipc_lock', '--bind=/tmp/mock-resolv.wlzndo07:/etc/resolv.conf', '--bind=/dev/btrfs-control', '--bind=/dev/mapper/control', '--bind=/dev/fuse', '--bind=/dev/loop-control', '--bind=/dev/loop0', '--bind=/dev/loop1', '--bind=/dev/loop2', '--bind=/dev/loop3', '--bind=/dev/loop4', '--bind=/dev/loop5', '--bind=/dev/loop6', '--bind=/dev/loop7', '--bind=/dev/loop8', '--bind=/dev/loop9', '--bind=/dev/loop10', '--bind=/dev/loop11']
Executing command: ['/usr/bin/systemd-nspawn', '-q', '-M', '8498dd787107401b860f7dd27f045dd1', '-D', '/var/lib/mock/redsleeve-local-9-armv6hl/root', '-a', '-u', 'mockbuild', '--capability=cap_ipc_lock', '--bind=/tmp/mock-resolv.wlzndo07:/etc/resolv.conf', '--bind=/dev/btrfs-control', '--bind=/dev/mapper/control', '--bind=/dev/fuse', '--bind=/dev/loop-control', '--bind=/dev/loop0', '--bind=/dev/loop1', '--bind=/dev/loop2', '--bind=/dev/loop3', '--bind=/dev/loop4', '--bind=/dev/loop5', '--bind=/dev/loop6', '--bind=/dev/loop7', '--bind=/dev/loop8', '--bind=/dev/loop9', '--bind=/dev/loop10', '--bind=/dev/loop11', '--console=pipe', '--setenv=TERM=vt100', '--setenv=SHELL=/bin/bash', '--setenv=HOME=/builddir', '--setenv=HOSTNAME=mock', '--setenv=PATH=/usr/bin:/bin:/usr/sbin:/sbin', '--setenv=PROMPT_COMMAND=printf "\\033]0;<mock-chroot>\\007"', '--setenv=PS1=<mock-chroot> \\s-\\v\\$ ', '--setenv=LANG=C.UTF-8', '--resolv-conf=off', 'bash', '--login', '-c', '/usr/bin/rpmbuild -bs --noclean --target armv6hl --nodeps /builddir/build/SPECS/linux-firmware.spec'] with env {'TERM': 'vt100', 'SHELL': '/bin/bash', 'HOME': '/builddir', 'HOSTNAME': 'mock', 'PATH': '/usr/bin:/bin:/usr/sbin:/sbin', 'PROMPT_COMMAND': 'printf "\\033]0;<mock-chroot>\\007"', 'PS1': '<mock-chroot> \\s-\\v\\$ ', 'LANG': 'C.UTF-8', 'SYSTEMD_NSPAWN_TMPFS_TMP': '0', 'SYSTEMD_SECCOMP': '0'} and shell False
Building target platforms: armv6hl
Building for target armv6hl
setting SOURCE_DATE_EPOCH=1783382400
Wrote: /builddir/build/SRPMS/linux-firmware-20260707-161.1.el9.redsleeve.src.rpm
Child return code was: 0
Using nspawn with args ['--capability=cap_ipc_lock', '--bind=/tmp/mock-resolv.wlzndo07:/etc/resolv.conf', '--bind=/dev/btrfs-control', '--bind=/dev/mapper/control', '--bind=/dev/fuse', '--bind=/dev/loop-control', '--bind=/dev/loop0', '--bind=/dev/loop1', '--bind=/dev/loop2', '--bind=/dev/loop3', '--bind=/dev/loop4', '--bind=/dev/loop5', '--bind=/dev/loop6', '--bind=/dev/loop7', '--bind=/dev/loop8', '--bind=/dev/loop9', '--bind=/dev/loop10', '--bind=/dev/loop11']
Executing command: ['/usr/bin/systemd-nspawn', '-q', '-M', '2841e62a1b674551bc58ca5273322ac6', '-D', '/var/lib/mock/redsleeve-local-9-armv6hl/root', '-a', '-u', 'mockbuild', '--capability=cap_ipc_lock', '--bind=/tmp/mock-resolv.wlzndo07:/etc/resolv.conf', '--bind=/dev/btrfs-control', '--bind=/dev/mapper/control', '--bind=/dev/fuse', '--bind=/dev/loop-control', '--bind=/dev/loop0', '--bind=/dev/loop1', '--bind=/dev/loop2', '--bind=/dev/loop3', '--bind=/dev/loop4', '--bind=/dev/loop5', '--bind=/dev/loop6', '--bind=/dev/loop7', '--bind=/dev/loop8', '--bind=/dev/loop9', '--bind=/dev/loop10', '--bind=/dev/loop11', '--console=pipe', '--setenv=TERM=vt100', '--setenv=SHELL=/bin/bash', '--setenv=HOME=/builddir', '--setenv=HOSTNAME=mock', '--setenv=PATH=/usr/bin:/bin:/usr/sbin:/sbin', '--setenv=PROMPT_COMMAND=printf "\\033]0;<mock-chroot>\\007"', '--setenv=PS1=<mock-chroot> \\s-\\v\\$ ', '--setenv=LANG=C.UTF-8', '--resolv-conf=off', 'bash', '--login', '-c', '/usr/bin/rpmbuild -bb --noclean --target armv6hl --nodeps /builddir/build/SPECS/linux-firmware.spec'] with env {'TERM': 'vt100', 'SHELL': '/bin/bash', 'HOME': '/builddir', 'HOSTNAME': 'mock', 'PATH': '/usr/bin:/bin:/usr/sbin:/sbin', 'PROMPT_COMMAND': 'printf "\\033]0;<mock-chroot>\\007"', 'PS1': '<mock-chroot> \\s-\\v\\$ ', 'LANG': 'C.UTF-8', 'SYSTEMD_NSPAWN_TMPFS_TMP': '0', 'SYSTEMD_SECCOMP': '0'} and shell False
Building target platforms: armv6hl
Building for target armv6hl
setting SOURCE_DATE_EPOCH=1783382400
Executing(%prep): /bin/sh -e /var/tmp/rpm-tmp.1CZAly
+ umask 022
+ cd /builddir/build/BUILD
+ cd /builddir/build/BUILD
+ rm -rf linux-firmware-20260707
+ /usr/bin/xz -dc /builddir/build/SOURCES/linux-firmware-20260707.tar.xz
+ /usr/bin/tar -xof -
+ STATUS=0
+ '[' 0 -ne 0 ']'
+ cd linux-firmware-20260707
+ /usr/bin/chmod -Rf a+rX,u+w,g-w,o-w .
+ /usr/bin/git init -q
+ /usr/bin/git config user.name rpm-build
+ /usr/bin/git config user.email '<rpm-build>'
+ /usr/bin/git config gc.auto 0
+ /usr/bin/git add --force .
+ /usr/bin/git commit -q --allow-empty -a --author 'rpm-build <rpm-build>' -m 'linux-firmware-20260707 base'
+ RPM_EC=0
++ jobs -p
+ exit 0
Executing(%build): /bin/sh -e /var/tmp/rpm-tmp.bIZRcr
+ umask 022
+ cd /builddir/build/BUILD
+ cd linux-firmware-20260707
+ RPM_EC=0
++ jobs -p
+ exit 0
Executing(%install): /bin/sh -e /var/tmp/rpm-tmp.osGT2E
+ umask 022
+ cd /builddir/build/BUILD
+ '[' /builddir/build/BUILDROOT/linux-firmware-20260707-161.1.el9.redsleeve.arm '!=' / ']'
+ rm -rf /builddir/build/BUILDROOT/linux-firmware-20260707-161.1.el9.redsleeve.arm
++ dirname /builddir/build/BUILDROOT/linux-firmware-20260707-161.1.el9.redsleeve.arm
+ mkdir -p /builddir/build/BUILDROOT
+ mkdir /builddir/build/BUILDROOT/linux-firmware-20260707-161.1.el9.redsleeve.arm
+ cd linux-firmware-20260707
+ mkdir -p /builddir/build/BUILDROOT/linux-firmware-20260707-161.1.el9.redsleeve.arm//usr/lib/firmware
+ mkdir -p /builddir/build/BUILDROOT/linux-firmware-20260707-161.1.el9.redsleeve.arm//usr/lib/firmware/updates
+ make DESTDIR=/builddir/build/BUILDROOT/linux-firmware-20260707-161.1.el9.redsleeve.arm/ FIRMWAREDIR=/usr/lib/firmware install
install -d /builddir/build/BUILDROOT/linux-firmware-20260707-161.1.el9.redsleeve.arm//usr/lib/firmware
./copy-firmware.sh -j1 /builddir/build/BUILDROOT/linux-firmware-20260707-161.1.el9.redsleeve.arm//usr/lib/firmware
Now run "make dedup" to de-duplicate any firmware files
~/build/BUILDROOT/linux-firmware-20260707-161.1.el9.redsleeve.arm/usr/lib/firmware ~/build/BUILD/linux-firmware-20260707
+ pushd /builddir/build/BUILDROOT/linux-firmware-20260707-161.1.el9.redsleeve.arm//usr/lib/firmware
+ mkdir -p /builddir/build/BUILDROOT/linux-firmware-20260707-161.1.el9.redsleeve.arm//usr/share/doc/linux-firmware/amd-ucode
+ mv -f amd-ucode/README /builddir/build/BUILDROOT/linux-firmware-20260707-161.1.el9.redsleeve.arm//usr/share/doc/linux-firmware/amd-ucode
+ rm -rf ess korg sb16 yamaha
+ rm -rf carl9170fw
+ rm -rf cis/src cis/Makefile
+ rm -f atusb/ChangeLog
+ rm -f av7110/Boot.S av7110/Makefile
+ rm -f dsp56k/bootstrap.asm dsp56k/concat-bootstrap.pl dsp56k/Makefile
+ rm -f 'iscis/*.c' 'iscis/*.h' iscis/README iscis/Makefile
+ rm -f keyspan_pda/keyspan_pda.S keyspan_pda/xircom_pgs.S keyspan_pda/Makefile
+ rm -f 'usbdux/*dux' '*/*.asm'
+ rm -f libertas/sd8686_v8.bin libertas/sd8686_v8_helper.bin
+ rm -f libertas/usb8388_v5.bin
+ rm -f ctefx.bin ctspeq.bin
+ rm -rf vxge
+ rm -rf check_whence.py configure Makefile README.md Dockerfile contrib build_packages.py
+ find . -type f -executable -exec chmod -x '{}' ';'
+ popd
~/build/BUILD/linux-firmware-20260707
++ pwd
+ FILEDIR=/builddir/build/BUILD/linux-firmware-20260707
~/build/BUILDROOT/linux-firmware-20260707-161.1.el9.redsleeve.arm/usr/lib/firmware ~/build/BUILD/linux-firmware-20260707
+ pushd /builddir/build/BUILDROOT/linux-firmware-20260707-161.1.el9.redsleeve.arm//usr/lib/firmware
+ find . '!' -type d
+ find . -type d
+ sed -e '/^.$/d'
+ popd
~/build/BUILD/linux-firmware-20260707
+ sed -i -e 's:^./::' linux-firmware.files linux-firmware.dirs
+ sed -i -e '/^brcm/d' -i -e '/^cypress/d' -i -e '/^iwlwifi/d' -i -e '/^intel\/iwlwifi\/iwlwifi/d' -i -e '/^libertas\/sd8686/d' -i -e '/^libertas\/usb8388/d' -i -e '/^mrvl\/sd8787/d' -i -e '/^liquidio/d' -i -e '/^netronome/d' linux-firmware.files linux-firmware.dirs
+ sed -i -e 's!^!/usr/lib/firmware/!' linux-firmware.files linux-firmware.dirs
+ sed -i -e 's/^/"/;s/$/"/' linux-firmware.files
+ sed -e 's/^/%dir /' linux-firmware.dirs
+ /usr/lib/rpm/check-buildroot
+ /usr/lib/rpm/redhat/brp-ldconfig
+ /usr/lib/rpm/brp-compress
+ /usr/lib/rpm/brp-strip /usr/bin/strip
/usr/bin/strip: Unable to recognise the format of the input file `/builddir/build/BUILDROOT/linux-firmware-20260707-161.1.el9.redsleeve.arm/usr/lib/firmware/netronome/nic/nic_AMDA0097-0001_4x10_1x40.nffw'
/usr/bin/strip: Unable to recognise the format of the input file `/builddir/build/BUILDROOT/linux-firmware-20260707-161.1.el9.redsleeve.arm/usr/lib/firmware/netronome/nic/nic_AMDA0099-0001_1x10_1x25.nffw'
/usr/bin/strip: Unable to recognise the format of the input file `/builddir/build/BUILDROOT/linux-firmware-20260707-161.1.el9.redsleeve.arm/usr/lib/firmware/netronome/nic/nic_AMDA0058-0011_2x40.nffw'
/usr/bin/strip: Unable to recognise the format of the input file `/builddir/build/BUILDROOT/linux-firmware-20260707-161.1.el9.redsleeve.arm/usr/lib/firmware/netronome/nic/nic_AMDA0099-0001_2x25.nffw'
/usr/bin/strip: Unable to recognise the format of the input file `/builddir/build/BUILDROOT/linux-firmware-20260707-161.1.el9.redsleeve.arm/usr/lib/firmware/netronome/nic/nic_AMDA0081-0001_1x40.nffw'
/usr/bin/strip: Unable to recognise the format of the input file `/builddir/build/BUILDROOT/linux-firmware-20260707-161.1.el9.redsleeve.arm/usr/lib/firmware/netronome/nic/nic_AMDA0058-0012_2x40.nffw'
/usr/bin/strip: Unable to recognise the format of the input file `/builddir/build/BUILDROOT/linux-firmware-20260707-161.1.el9.redsleeve.arm/usr/lib/firmware/netronome/nic/nic_AMDA0097-0001_2x40.nffw'
/usr/bin/strip: Unable to recognise the format of the input file `/builddir/build/BUILDROOT/linux-firmware-20260707-161.1.el9.redsleeve.arm/usr/lib/firmware/netronome/nic/nic_AMDA0096-0001_2x10.nffw'
/usr/bin/strip: Unable to recognise the format of the input file `/builddir/build/BUILDROOT/linux-firmware-20260707-161.1.el9.redsleeve.arm/usr/lib/firmware/netronome/nic/nic_AMDA0097-0001_8x10.nffw'
/usr/bin/strip: Unable to recognise the format of the input file `/builddir/build/BUILDROOT/linux-firmware-20260707-161.1.el9.redsleeve.arm/usr/lib/firmware/netronome/bpf/nic_AMDA0099-0001_2x10.nffw'
/usr/bin/strip: Unable to recognise the format of the input file `/builddir/build/BUILDROOT/linux-firmware-20260707-161.1.el9.redsleeve.arm/usr/lib/firmware/netronome/bpf/nic_AMDA0078-0011_1x100.nffw'
/usr/bin/strip: Unable to recognise the format of the input file `/builddir/build/BUILDROOT/linux-firmware-20260707-161.1.el9.redsleeve.arm/usr/lib/firmware/netronome/bpf/nic_AMDA0081-0001_4x10.nffw'
/usr/bin/strip: Unable to recognise the format of the input file `/builddir/build/BUILDROOT/linux-firmware-20260707-161.1.el9.redsleeve.arm/usr/lib/firmware/netronome/bpf/nic_AMDA0097-0001_4x10_1x40.nffw'
/usr/bin/strip: Unable to recognise the format of the input file `/builddir/build/BUILDROOT/linux-firmware-20260707-161.1.el9.redsleeve.arm/usr/lib/firmware/netronome/bpf/nic_AMDA0099-0001_1x10_1x25.nffw'
/usr/bin/strip: Unable to recognise the format of the input file `/builddir/build/BUILDROOT/linux-firmware-20260707-161.1.el9.redsleeve.arm/usr/lib/firmware/netronome/bpf/nic_AMDA0058-0011_2x40.nffw'
/usr/bin/strip: Unable to recognise the format of the input file `/builddir/build/BUILDROOT/linux-firmware-20260707-161.1.el9.redsleeve.arm/usr/lib/firmware/netronome/bpf/nic_AMDA0099-0001_2x25.nffw'
/usr/bin/strip: Unable to recognise the format of the input file `/builddir/build/BUILDROOT/linux-firmware-20260707-161.1.el9.redsleeve.arm/usr/lib/firmware/netronome/bpf/nic_AMDA0081-0001_1x40.nffw'
/usr/bin/strip: Unable to recognise the format of the input file `/builddir/build/BUILDROOT/linux-firmware-20260707-161.1.el9.redsleeve.arm/usr/lib/firmware/netronome/bpf/nic_AMDA0058-0012_2x40.nffw'
/usr/bin/strip: Unable to recognise the format of the input file `/builddir/build/BUILDROOT/linux-firmware-20260707-161.1.el9.redsleeve.arm/usr/lib/firmware/netronome/bpf/nic_AMDA0097-0001_2x40.nffw'
/usr/bin/strip: Unable to recognise the format of the input file `/builddir/build/BUILDROOT/linux-firmware-20260707-161.1.el9.redsleeve.arm/usr/lib/firmware/netronome/bpf/nic_AMDA0096-0001_2x10.nffw'
/usr/bin/strip: Unable to recognise the format of the input file `/builddir/build/BUILDROOT/linux-firmware-20260707-161.1.el9.redsleeve.arm/usr/lib/firmware/netronome/bpf/nic_AMDA0097-0001_8x10.nffw'
/usr/bin/strip: Unable to recognise the format of the input file `/builddir/build/BUILDROOT/linux-firmware-20260707-161.1.el9.redsleeve.arm/usr/lib/firmware/netronome/flower/nic_AMDA0099.nffw'
/usr/bin/strip: Unable to recognise the format of the input file `/builddir/build/BUILDROOT/linux-firmware-20260707-161.1.el9.redsleeve.arm/usr/lib/firmware/netronome/flower/nic_AMDA0097.nffw'
/usr/bin/strip: Unable to recognise the format of the input file `/builddir/build/BUILDROOT/linux-firmware-20260707-161.1.el9.redsleeve.arm/usr/lib/firmware/netronome/flower/nic_AMDA0096.nffw'
/usr/bin/strip: Unable to recognise the format of the input file `/builddir/build/BUILDROOT/linux-firmware-20260707-161.1.el9.redsleeve.arm/usr/lib/firmware/netronome/flower/nic_AMDA0058.nffw'
/usr/bin/strip: Unable to recognise the format of the input file `/builddir/build/BUILDROOT/linux-firmware-20260707-161.1.el9.redsleeve.arm/usr/lib/firmware/netronome/nic-sriov/nic_AMDA0099-0001_2x10.nffw'
/usr/bin/strip: Unable to recognise the format of the input file `/builddir/build/BUILDROOT/linux-firmware-20260707-161.1.el9.redsleeve.arm/usr/lib/firmware/netronome/nic-sriov/nic_AMDA0078-0011_1x100.nffw'
/usr/bin/strip: Unable to recognise the format of the input file `/builddir/build/BUILDROOT/linux-firmware-20260707-161.1.el9.redsleeve.arm/usr/lib/firmware/netronome/nic-sriov/nic_AMDA0081-0001_4x10.nffw'
/usr/bin/strip: Unable to recognise the format of the input file `/builddir/build/BUILDROOT/linux-firmware-20260707-161.1.el9.redsleeve.arm/usr/lib/firmware/netronome/nic-sriov/nic_AMDA0097-0001_4x10_1x40.nffw'
/usr/bin/strip: Unable to recognise the format of the input file `/builddir/build/BUILDROOT/linux-firmware-20260707-161.1.el9.redsleeve.arm/usr/lib/firmware/nvidia/ga102/gsp/gsp-535.113.01.bin'
/usr/bin/strip: Unable to recognise the format of the input file `/builddir/build/BUILDROOT/linux-firmware-20260707-161.1.el9.redsleeve.arm/usr/lib/firmware/netronome/nic-sriov/nic_AMDA0099-0001_1x10_1x25.nffw'
/usr/bin/strip: Unable to recognise the format of the input file `/builddir/build/BUILDROOT/linux-firmware-20260707-161.1.el9.redsleeve.arm/usr/lib/firmware/nvidia/ga102/gsp/gsp-570.144.bin'
/usr/bin/strip: Unable to recognise the format of the input file `/builddir/build/BUILDROOT/linux-firmware-20260707-161.1.el9.redsleeve.arm/usr/lib/firmware/netronome/nic-sriov/nic_AMDA0058-0011_2x40.nffw'
/usr/bin/strip: Unable to recognise the format of the input file `/builddir/build/BUILDROOT/linux-firmware-20260707-161.1.el9.redsleeve.arm/usr/lib/firmware/netronome/nic-sriov/nic_AMDA0099-0001_2x25.nffw'
/usr/bin/strip: Unable to recognise the format of the input file `/builddir/build/BUILDROOT/linux-firmware-20260707-161.1.el9.redsleeve.arm/usr/lib/firmware/netronome/nic-sriov/nic_AMDA0081-0001_1x40.nffw'
/usr/bin/strip: Unable to recognise the format of the input file `/builddir/build/BUILDROOT/linux-firmware-20260707-161.1.el9.redsleeve.arm/usr/lib/firmware/netronome/nic-sriov/nic_AMDA0058-0012_2x40.nffw'
/usr/bin/strip: Unable to recognise the format of the input file `/builddir/build/BUILDROOT/linux-firmware-20260707-161.1.el9.redsleeve.arm/usr/lib/firmware/netronome/nic-sriov/nic_AMDA0097-0001_2x40.nffw'
/usr/bin/strip: Unable to recognise the format of the input file `/builddir/build/BUILDROOT/linux-firmware-20260707-161.1.el9.redsleeve.arm/usr/lib/firmware/netronome/nic-sriov/nic_AMDA0096-0001_2x10.nffw'
/usr/bin/strip: Unable to recognise the format of the input file `/builddir/build/BUILDROOT/linux-firmware-20260707-161.1.el9.redsleeve.arm/usr/lib/firmware/netronome/nic-sriov/nic_AMDA0097-0001_8x10.nffw'
/usr/bin/strip: Unable to recognise the format of the input file `/builddir/build/BUILDROOT/linux-firmware-20260707-161.1.el9.redsleeve.arm/usr/lib/firmware/netronome/nic/nic_AMDA0099-0001_2x10.nffw'
/usr/bin/strip: Unable to recognise the format of the input file `/builddir/build/BUILDROOT/linux-firmware-20260707-161.1.el9.redsleeve.arm/usr/lib/firmware/netronome/nic/nic_AMDA0078-0011_1x100.nffw'
/usr/bin/strip: Unable to recognise the format of the input file `/builddir/build/BUILDROOT/linux-firmware-20260707-161.1.el9.redsleeve.arm/usr/lib/firmware/netronome/nic/nic_AMDA0081-0001_4x10.nffw'
/usr/bin/strip: Unable to recognise the format of the input file `/builddir/build/BUILDROOT/linux-firmware-20260707-161.1.el9.redsleeve.arm/usr/lib/firmware/nvidia/tu102/gsp/gsp-535.113.01.bin'
/usr/bin/strip: Unable to recognise the format of the input file `/builddir/build/BUILDROOT/linux-firmware-20260707-161.1.el9.redsleeve.arm/usr/lib/firmware/nvidia/tu102/gsp/gsp-570.144.bin'
/usr/bin/strip: Unable to recognise the format of the input file `/builddir/build/BUILDROOT/linux-firmware-20260707-161.1.el9.redsleeve.arm/usr/lib/firmware/mediatek/mt8195/scp.img'
/usr/bin/strip: Unable to recognise the format of the input file `/builddir/build/BUILDROOT/linux-firmware-20260707-161.1.el9.redsleeve.arm/usr/lib/firmware/mediatek/mt8192/scp.img'
/usr/bin/strip: Unable to recognise the format of the input file `/builddir/build/BUILDROOT/linux-firmware-20260707-161.1.el9.redsleeve.arm/usr/lib/firmware/mediatek/mt8188/scp_c0.img'
/usr/bin/strip: Unable to recognise the format of the input file `/builddir/build/BUILDROOT/linux-firmware-20260707-161.1.el9.redsleeve.arm/usr/lib/firmware/mediatek/mt8189/scp.img'
+ /usr/lib/rpm/brp-strip-comment-note /usr/bin/strip /usr/bin/objdump
+ /usr/lib/rpm/redhat/brp-strip-lto /usr/bin/strip
+ /usr/lib/rpm/brp-strip-static-archive /usr/bin/strip
+ /usr/lib/rpm/redhat/brp-python-bytecompile '' 1 0
+ /usr/lib/rpm/brp-python-hardlink
+ /usr/lib/rpm/redhat/brp-mangle-shebangs
Processing files: linux-firmware-20260707-161.1.el9.redsleeve.noarch
Executing(%license): /bin/sh -e /var/tmp/rpm-tmp.xkDeqe
+ umask 022
+ cd /builddir/build/BUILD
+ cd linux-firmware-20260707
+ LICENSEDIR=/builddir/build/BUILDROOT/linux-firmware-20260707-161.1.el9.redsleeve.arm/usr/share/licenses/linux-firmware
+ export LC_ALL=C
+ LC_ALL=C
+ export LICENSEDIR
+ /usr/bin/mkdir -p /builddir/build/BUILDROOT/linux-firmware-20260707-161.1.el9.redsleeve.arm/usr/share/licenses/linux-firmware
+ cp -pr LICENSES/LICENCE.Abilis LICENSES/LICENCE.HP LICENSES/LICENCE.IntcSST2 LICENSES/LICENCE.Marvell LICENSES/LICENCE.NXP LICENSES/LICENCE.Netronome LICENSES/LICENCE.OLPC LICENSES/LICENCE.adsp_sst LICENSES/LICENCE.advansys LICENSES/LICENCE.agere LICENSES/LICENCE.alacritech LICENSES/LICENCE.atheros_firmware LICENSES/LICENCE.bnx2 LICENSES/LICENCE.bnx2x LICENSES/LICENCE.broadcom_bcm43xx LICENSES/LICENCE.ca0132 LICENSES/LICENCE.cadence LICENSES/LICENCE.cavium LICENSES/LICENCE.cavium_liquidio LICENSES/LICENCE.chelsio_firmware LICENSES/LICENCE.cnm LICENSES/LICENCE.cw1200 LICENSES/LICENCE.cw1200-sdd LICENSES/LICENCE.cxgb3 LICENSES/LICENCE.cypress LICENSES/LICENCE.dabusb LICENSES/LICENCE.e100 LICENSES/LICENCE.emi26 LICENSES/LICENCE.ene_firmware LICENSES/LICENCE.fw_sst_0f28 LICENSES/LICENCE.go7007 LICENSES/LICENCE.ibt_firmware LICENSES/LICENCE.inside-secure LICENSES/LICENCE.it913x LICENSES/LICENCE.iwlwifi_firmware LICENSES/LICENCE.kaweth LICENSES/LICENCE.keyspan LICENSES/LICENCE.lenovo LICENSES/LICENCE.linaro LICENSES/LICENCE.mali_csffw LICENSES/LICENCE.mediatek LICENSES/LICENCE.microchip LICENSES/LICENCE.moxa LICENSES/LICENCE.multitech LICENSES/LICENCE.myri10ge_firmware LICENSES/LICENCE.nvidia LICENSES/LICENCE.open-ath9k-htc-firmware LICENSES/LICENCE.phanfw LICENSES/LICENCE.qat_firmware LICENSES/LICENCE.qla1280 LICENSES/LICENCE.qla2xxx LICENSES/LICENCE.r8a779g_pcie_phy LICENSES/LICENCE.r8a779x_usb3 LICENSES/LICENCE.ralink-firmware.txt LICENSES/LICENCE.ralink_a_mediatek_company_firmware LICENSES/LICENCE.rockchip LICENSES/LICENCE.rtlwifi_firmware.txt LICENSES/LICENCE.sensoray LICENSES/LICENCE.siano LICENSES/LICENCE.ti-connectivity LICENSES/LICENCE.ti-keystone LICENSES/LICENCE.ti-tspa LICENSES/LICENCE.tigon LICENSES/LICENCE.typhoon LICENSES/LICENCE.ueagle-atm4-firmware LICENSES/LICENCE.via_vt6656 LICENSES/LICENCE.wf200 LICENSES/LICENCE.wl1251 LICENSES/LICENCE.xc4000 LICENSES/LICENCE.xc5000 LICENSES/LICENCE.xc5000c /builddir/build/BUILDROOT/linux-firmware-20260707-161.1.el9.redsleeve.arm/usr/share/licenses/linux-firmware
+ cp -pr LICENSES/LICENSE.Lontium LICENSES/LICENSE.QualcommAtheros_ar3k LICENSES/LICENSE.QualcommAtheros_ath10k LICENSES/LICENSE.aeonsemi LICENSES/LICENSE.airoha LICENSES/LICENSE.amd-sev LICENSES/LICENSE.amd-ucode LICENSES/LICENSE.amd_pmf LICENSES/LICENSE.amdgpu LICENSES/LICENSE.amdisp LICENSES/LICENSE.amdnpu LICENSES/LICENSE.amlogic LICENSES/LICENSE.amlogic_vdec LICENSES/LICENSE.amphion_vpu LICENSES/LICENSE.atmel LICENSES/LICENSE.bfa LICENSES/LICENSE.bmi260 LICENSES/LICENSE.cirrus LICENSES/LICENSE.conexant LICENSES/LICENSE.dell LICENSES/LICENSE.dib0700 LICENSES/LICENSE.drxk LICENSES/LICENSE.hfi1_firmware LICENSES/LICENSE.i915 LICENSES/LICENSE.ib_qib LICENSES/LICENSE.ice LICENSES/LICENSE.ice_enhanced LICENSES/LICENSE.intel LICENSES/LICENSE.intel_vpu LICENSES/LICENSE.ipu3_firmware LICENSES/LICENSE.ivsc LICENSES/LICENSE.ixp4xx LICENSES/LICENSE.mellanox LICENSES/LICENSE.mga LICENSES/LICENSE.montage LICENSES/LICENSE.nxp LICENSES/LICENSE.nxp_mc_firmware LICENSES/LICENSE.powervr LICENSES/LICENSE.qcom LICENSES/LICENSE.qcom-2 LICENSES/LICENSE.qcom_yamato LICENSES/LICENSE.qed LICENSES/LICENSE.r8169 LICENSES/LICENSE.radeon LICENSES/LICENSE.rp2 LICENSES/LICENSE.rsi LICENSES/LICENSE.rt1320 LICENSES/LICENSE.s5p-mfc LICENSES/LICENSE.sdma_firmware LICENSES/LICENSE.tehuti LICENSES/LICENSE.tlg2300 LICENSES/LICENSE.vxge LICENSES/LICENSE.xe /builddir/build/BUILDROOT/linux-firmware-20260707-161.1.el9.redsleeve.arm/usr/share/licenses/linux-firmware
+ cp -pr LICENSES/GPL-2.0 LICENSES/GPL-3.0-only /builddir/build/BUILDROOT/linux-firmware-20260707-161.1.el9.redsleeve.arm/usr/share/licenses/linux-firmware
+ RPM_EC=0
++ jobs -p
+ exit 0
Provides: kernel-firmware = 20260707 linux-firmware = 20260707-161.1.el9.redsleeve
Requires(rpmlib): rpmlib(BuiltinLuaScripts) <= 4.2.2-1 rpmlib(CompressedFileNames) <= 3.0.4-1 rpmlib(FileDigests) <= 4.6.0-1 rpmlib(PayloadFilesHavePrefix) <= 4.0-1
Conflicts: microcode_ctl < 2.1-0
Obsoletes: kernel-firmware < 20260707
Processing files: linux-firmware-whence-20260707-161.1.el9.redsleeve.noarch
Executing(%license): /bin/sh -e /var/tmp/rpm-tmp.mQyra3
+ umask 022
+ cd /builddir/build/BUILD
+ cd linux-firmware-20260707
+ LICENSEDIR=/builddir/build/BUILDROOT/linux-firmware-20260707-161.1.el9.redsleeve.arm/usr/share/licenses/linux-firmware-whence
+ export LC_ALL=C
+ LC_ALL=C
+ export LICENSEDIR
+ /usr/bin/mkdir -p /builddir/build/BUILDROOT/linux-firmware-20260707-161.1.el9.redsleeve.arm/usr/share/licenses/linux-firmware-whence
+ cp -pr WHENCE /builddir/build/BUILDROOT/linux-firmware-20260707-161.1.el9.redsleeve.arm/usr/share/licenses/linux-firmware-whence
+ RPM_EC=0
++ jobs -p
+ exit 0
Provides: linux-firmware-whence = 20260707-161.1.el9.redsleeve
Requires(rpmlib): rpmlib(CompressedFileNames) <= 3.0.4-1 rpmlib(FileDigests) <= 4.6.0-1 rpmlib(PayloadFilesHavePrefix) <= 4.0-1
Processing files: brcm-firmware-20260707-161.1.el9.redsleeve.noarch
Executing(%license): /bin/sh -e /var/tmp/rpm-tmp.he38BM
+ umask 022
+ cd /builddir/build/BUILD
+ cd linux-firmware-20260707
+ LICENSEDIR=/builddir/build/BUILDROOT/linux-firmware-20260707-161.1.el9.redsleeve.arm/usr/share/licenses/brcm-firmware
+ export LC_ALL=C
+ LC_ALL=C
+ export LICENSEDIR
+ /usr/bin/mkdir -p /builddir/build/BUILDROOT/linux-firmware-20260707-161.1.el9.redsleeve.arm/usr/share/licenses/brcm-firmware
+ cp -pr LICENSES/LICENCE.broadcom_bcm43xx /builddir/build/BUILDROOT/linux-firmware-20260707-161.1.el9.redsleeve.arm/usr/share/licenses/brcm-firmware
+ RPM_EC=0
++ jobs -p
+ exit 0
warning: File listed twice: /usr/lib/firmware/brcm/BCM-0a5c-6410.hcd
warning: File listed twice: /usr/lib/firmware/brcm/BCM-0bb4-0306.hcd
warning: File listed twice: /usr/lib/firmware/brcm/bcm4329-fullmac-4.bin
warning: File listed twice: /usr/lib/firmware/brcm/bcm43xx-0.fw
warning: File listed twice: /usr/lib/firmware/brcm/bcm43xx_hdr-0.fw
warning: File listed twice: /usr/lib/firmware/brcm/brcmfmac43012-sdio.bin
warning: File listed twice: /usr/lib/firmware/brcm/brcmfmac43012-sdio.clm_blob
warning: File listed twice: /usr/lib/firmware/brcm/brcmfmac43143-sdio.bin
warning: File listed twice: /usr/lib/firmware/brcm/brcmfmac43143.bin
warning: File listed twice: /usr/lib/firmware/brcm/brcmfmac43236b.bin
warning: File listed twice: /usr/lib/firmware/brcm/brcmfmac43241b0-sdio.bin
warning: File listed twice: /usr/lib/firmware/brcm/brcmfmac43241b4-sdio.Advantech-MICA-071.txt
warning: File listed twice: /usr/lib/firmware/brcm/brcmfmac43241b4-sdio.Intel Corp.-VALLEYVIEW C0 PLATFORM.txt
warning: File listed twice: /usr/lib/firmware/brcm/brcmfmac43241b4-sdio.bin
warning: File listed twice: /usr/lib/firmware/brcm/brcmfmac43241b5-sdio.bin
warning: File listed twice: /usr/lib/firmware/brcm/brcmfmac43242a.bin
warning: File listed twice: /usr/lib/firmware/brcm/brcmfmac4329-sdio.bin
warning: File listed twice: /usr/lib/firmware/brcm/brcmfmac4330-sdio.Prowise-PT301.txt
warning: File listed twice: /usr/lib/firmware/brcm/brcmfmac4330-sdio.bin
warning: File listed twice: /usr/lib/firmware/brcm/brcmfmac4334-sdio.bin
warning: File listed twice: /usr/lib/firmware/brcm/brcmfmac43340-sdio.ASUSTeK COMPUTER INC.-TF103CE.txt
warning: File listed twice: /usr/lib/firmware/brcm/brcmfmac43340-sdio.Insyde-VESPA2.txt
warning: File listed twice: /usr/lib/firmware/brcm/brcmfmac43340-sdio.bin
warning: File listed twice: /usr/lib/firmware/brcm/brcmfmac43340-sdio.meegopad-t08.txt
warning: File listed twice: /usr/lib/firmware/brcm/brcmfmac43340-sdio.pov-tab-p1006w-data.txt
warning: File listed twice: /usr/lib/firmware/brcm/brcmfmac43340-sdio.predia-basic.txt
warning: File listed twice: /usr/lib/firmware/brcm/brcmfmac4335-sdio.bin
warning: File listed twice: /usr/lib/firmware/brcm/brcmfmac43362-sdio.ASUSTeK COMPUTER INC.-ME176C.txt
warning: File listed twice: /usr/lib/firmware/brcm/brcmfmac43362-sdio.WC121.txt
warning: File listed twice: /usr/lib/firmware/brcm/brcmfmac43362-sdio.bin
warning: File listed twice: /usr/lib/firmware/brcm/brcmfmac43362-sdio.cubietech,cubietruck.txt
warning: File listed twice: /usr/lib/firmware/brcm/brcmfmac43362-sdio.kobo,aura.txt
warning: File listed twice: /usr/lib/firmware/brcm/brcmfmac43362-sdio.kobo,tolino-shine2hd.txt
warning: File listed twice: /usr/lib/firmware/brcm/brcmfmac43362-sdio.lemaker,bananapro.txt
warning: File listed twice: /usr/lib/firmware/brcm/brcmfmac4339-sdio.bin
warning: File listed twice: /usr/lib/firmware/brcm/brcmfmac43430-sdio.AP6212.txt
warning: File listed twice: /usr/lib/firmware/brcm/brcmfmac43430-sdio.Hampoo-D2D3_Vi8A1.txt
warning: File listed twice: /usr/lib/firmware/brcm/brcmfmac43430-sdio.MUR1DX.txt
warning: File listed twice: /usr/lib/firmware/brcm/brcmfmac43430-sdio.beagle,beaglev-starlight-jh7100-a1.txt
warning: File listed twice: /usr/lib/firmware/brcm/brcmfmac43430-sdio.beagle,beaglev-starlight-jh7100-r0.txt
warning: File listed twice: /usr/lib/firmware/brcm/brcmfmac43430-sdio.bin
warning: File listed twice: /usr/lib/firmware/brcm/brcmfmac43430-sdio.clm_blob
warning: File listed twice: /usr/lib/firmware/brcm/brcmfmac43430-sdio.friendlyarm,nanopi-neo4.txt
warning: File listed twice: /usr/lib/firmware/brcm/brcmfmac43430-sdio.friendlyarm,nanopi-r1.txt
warning: File listed twice: /usr/lib/firmware/brcm/brcmfmac43430-sdio.ilife-S806.txt
warning: File listed twice: /usr/lib/firmware/brcm/brcmfmac43430-sdio.raspberrypi,3-model-b.txt
warning: File listed twice: /usr/lib/firmware/brcm/brcmfmac43430-sdio.raspberrypi,model-zero-2-w.txt
warning: File listed twice: /usr/lib/firmware/brcm/brcmfmac43430-sdio.raspberrypi,model-zero-w.txt
warning: File listed twice: /usr/lib/firmware/brcm/brcmfmac43430-sdio.sinovoip,bananapi-m64.txt
warning: File listed twice: /usr/lib/firmware/brcm/brcmfmac43430-sdio.sinovoip,bpi-m2-plus.txt
warning: File listed twice: /usr/lib/firmware/brcm/brcmfmac43430-sdio.sinovoip,bpi-m2-ultra.txt
warning: File listed twice: /usr/lib/firmware/brcm/brcmfmac43430-sdio.sinovoip,bpi-m2-zero.txt
warning: File listed twice: /usr/lib/firmware/brcm/brcmfmac43430-sdio.sinovoip,bpi-m3.txt
warning: File listed twice: /usr/lib/firmware/brcm/brcmfmac43430-sdio.starfive,visionfive-v1.txt
warning: File listed twice: /usr/lib/firmware/brcm/brcmfmac43430a0-sdio.ONDA-V80 PLUS.txt
warning: File listed twice: /usr/lib/firmware/brcm/brcmfmac43430a0-sdio.bin
warning: File listed twice: /usr/lib/firmware/brcm/brcmfmac43430a0-sdio.ilife-S806.txt
warning: File listed twice: /usr/lib/firmware/brcm/brcmfmac43430a0-sdio.jumper-ezpad-mini3.txt
warning: File listed twice: /usr/lib/firmware/brcm/brcmfmac43455-sdio.AW-CM256SM.txt
warning: File listed twice: /usr/lib/firmware/brcm/brcmfmac43455-sdio.MINIX-NEO Z83-4.txt
warning: File listed twice: /usr/lib/firmware/brcm/brcmfmac43455-sdio.Radxa-ROCK Pi X.txt
warning: File listed twice: /usr/lib/firmware/brcm/brcmfmac43455-sdio.Raspberry Pi Foundation-Raspberry Pi 4 Model B.txt
warning: File listed twice: /usr/lib/firmware/brcm/brcmfmac43455-sdio.Raspberry Pi Foundation-Raspberry Pi Compute Module 4.txt
warning: File listed twice: /usr/lib/firmware/brcm/brcmfmac43455-sdio.acepc-t8.txt
warning: File listed twice: /usr/lib/firmware/brcm/brcmfmac43455-sdio.beagle,am5729-beagleboneai.txt
warning: File listed twice: /usr/lib/firmware/brcm/brcmfmac43455-sdio.bin
warning: File listed twice: /usr/lib/firmware/brcm/brcmfmac43455-sdio.clm_blob
warning: File listed twice: /usr/lib/firmware/brcm/brcmfmac43455-sdio.khadas,vim.txt
warning: File listed twice: /usr/lib/firmware/brcm/brcmfmac43455-sdio.pine64,pinebook-pro.txt
warning: File listed twice: /usr/lib/firmware/brcm/brcmfmac43455-sdio.pine64,pinenote-v1.1.txt
warning: File listed twice: /usr/lib/firmware/brcm/brcmfmac43455-sdio.pine64,pinenote-v1.2.txt
warning: File listed twice: /usr/lib/firmware/brcm/brcmfmac43455-sdio.pine64,pinephone-pro.txt
warning: File listed twice: /usr/lib/firmware/brcm/brcmfmac43455-sdio.pine64,quartz64-a.txt
warning: File listed twice: /usr/lib/firmware/brcm/brcmfmac43455-sdio.pine64,quartz64-b.txt
warning: File listed twice: /usr/lib/firmware/brcm/brcmfmac43455-sdio.pine64,rockpro64-v2.0.txt
warning: File listed twice: /usr/lib/firmware/brcm/brcmfmac43455-sdio.pine64,rockpro64-v2.1.txt
warning: File listed twice: /usr/lib/firmware/brcm/brcmfmac43455-sdio.pine64,soquartz-blade.txt
warning: File listed twice: /usr/lib/firmware/brcm/brcmfmac43455-sdio.pine64,soquartz-cm4io.txt
warning: File listed twice: /usr/lib/firmware/brcm/brcmfmac43455-sdio.pine64,soquartz-model-a.txt
warning: File listed twice: /usr/lib/firmware/brcm/brcmfmac43455-sdio.raspberrypi,3-model-a-plus.txt
warning: File listed twice: /usr/lib/firmware/brcm/brcmfmac43455-sdio.raspberrypi,3-model-b-plus.txt
warning: File listed twice: /usr/lib/firmware/brcm/brcmfmac43455-sdio.raspberrypi,4-compute-module.txt
warning: File listed twice: /usr/lib/firmware/brcm/brcmfmac43455-sdio.raspberrypi,4-model-b.txt
warning: File listed twice: /usr/lib/firmware/brcm/brcmfmac43455-sdio.raspberrypi,5-compute-module.txt
warning: File listed twice: /usr/lib/firmware/brcm/brcmfmac43455-sdio.raspberrypi,5-model-b.txt
warning: File listed twice: /usr/lib/firmware/brcm/brcmfmac43455-sdio.raspberrypi,500.txt
warning: File listed twice: /usr/lib/firmware/brcm/brcmfmac4350-pcie.bin
warning: File listed twice: /usr/lib/firmware/brcm/brcmfmac4350c2-pcie.bin
warning: File listed twice: /usr/lib/firmware/brcm/brcmfmac4354-sdio.bin
warning: File listed twice: /usr/lib/firmware/brcm/brcmfmac4354-sdio.clm_blob
warning: File listed twice: /usr/lib/firmware/brcm/brcmfmac4354-sdio.nvidia,p2371-2180.txt
warning: File listed twice: /usr/lib/firmware/brcm/brcmfmac4356-pcie.Intel Corporation-CHERRYVIEW D1 PLATFORM.txt
warning: File listed twice: /usr/lib/firmware/brcm/brcmfmac4356-pcie.Xiaomi Inc-Mipad2.txt
warning: File listed twice: /usr/lib/firmware/brcm/brcmfmac4356-pcie.bin
warning: File listed twice: /usr/lib/firmware/brcm/brcmfmac4356-pcie.clm_blob
warning: File listed twice: /usr/lib/firmware/brcm/brcmfmac4356-pcie.gpd-win-pocket.txt
warning: File listed twice: /usr/lib/firmware/brcm/brcmfmac4356-sdio.AP6356S.txt
warning: File listed twice: /usr/lib/firmware/brcm/brcmfmac4356-sdio.bin
warning: File listed twice: /usr/lib/firmware/brcm/brcmfmac4356-sdio.clm_blob
warning: File listed twice: /usr/lib/firmware/brcm/brcmfmac4356-sdio.firefly,firefly-rk3399.txt
warning: File listed twice: /usr/lib/firmware/brcm/brcmfmac4356-sdio.friendlyarm,nanopc-t4.txt
warning: File listed twice: /usr/lib/firmware/brcm/brcmfmac4356-sdio.friendlyarm,nanopi-m4.txt
warning: File listed twice: /usr/lib/firmware/brcm/brcmfmac4356-sdio.khadas,vim2.txt
warning: File listed twice: /usr/lib/firmware/brcm/brcmfmac4356-sdio.vamrs,rock960.txt
warning: File listed twice: /usr/lib/firmware/brcm/brcmfmac43569.bin
warning: File listed twice: /usr/lib/firmware/brcm/brcmfmac43570-pcie.bin
warning: File listed twice: /usr/lib/firmware/brcm/brcmfmac43570-pcie.clm_blob
warning: File listed twice: /usr/lib/firmware/brcm/brcmfmac4358-pcie.bin
warning: File listed twice: /usr/lib/firmware/brcm/brcmfmac43602-pcie.ap.bin
warning: File listed twice: /usr/lib/firmware/brcm/brcmfmac43602-pcie.bin
warning: File listed twice: /usr/lib/firmware/brcm/brcmfmac4366b-pcie.bin
warning: File listed twice: /usr/lib/firmware/brcm/brcmfmac4366c-pcie.bin
warning: File listed twice: /usr/lib/firmware/brcm/brcmfmac4371-pcie.bin
warning: File listed twice: /usr/lib/firmware/brcm/brcmfmac4373-sdio.bin
warning: File listed twice: /usr/lib/firmware/brcm/brcmfmac4373-sdio.clm_blob
warning: File listed twice: /usr/lib/firmware/brcm/brcmfmac4373.bin
warning: File listed twice: /usr/lib/firmware/brcm/brcmfmac54591-pcie.bin
warning: File listed twice: /usr/lib/firmware/brcm/brcmfmac54591-pcie.clm_blob
Provides: brcm-firmware = 20260707-161.1.el9.redsleeve
Requires(rpmlib): rpmlib(CompressedFileNames) <= 3.0.4-1 rpmlib(FileDigests) <= 4.6.0-1 rpmlib(PayloadFilesHavePrefix) <= 4.0-1
Processing files: cypress-firmware-20260707-161.1.el9.redsleeve.noarch
Executing(%license): /bin/sh -e /var/tmp/rpm-tmp.K9TJHT
+ umask 022
+ cd /builddir/build/BUILD
+ cd linux-firmware-20260707
+ LICENSEDIR=/builddir/build/BUILDROOT/linux-firmware-20260707-161.1.el9.redsleeve.arm/usr/share/licenses/cypress-firmware
+ export LC_ALL=C
+ LC_ALL=C
+ export LICENSEDIR
+ /usr/bin/mkdir -p /builddir/build/BUILDROOT/linux-firmware-20260707-161.1.el9.redsleeve.arm/usr/share/licenses/cypress-firmware
+ cp -pr LICENSES/LICENCE.cypress /builddir/build/BUILDROOT/linux-firmware-20260707-161.1.el9.redsleeve.arm/usr/share/licenses/cypress-firmware
+ RPM_EC=0
++ jobs -p
+ exit 0
warning: File listed twice: /usr/lib/firmware/cypress/cyfmac43012-sdio.bin
warning: File listed twice: /usr/lib/firmware/cypress/cyfmac43012-sdio.clm_blob
warning: File listed twice: /usr/lib/firmware/cypress/cyfmac43340-sdio.bin
warning: File listed twice: /usr/lib/firmware/cypress/cyfmac43362-sdio.bin
warning: File listed twice: /usr/lib/firmware/cypress/cyfmac4339-sdio.bin
warning: File listed twice: /usr/lib/firmware/cypress/cyfmac43430-sdio.bin
warning: File listed twice: /usr/lib/firmware/cypress/cyfmac43430-sdio.clm_blob
warning: File listed twice: /usr/lib/firmware/cypress/cyfmac43455-sdio.bin
warning: File listed twice: /usr/lib/firmware/cypress/cyfmac43455-sdio.clm_blob
warning: File listed twice: /usr/lib/firmware/cypress/cyfmac4354-sdio.bin
warning: File listed twice: /usr/lib/firmware/cypress/cyfmac4354-sdio.clm_blob
warning: File listed twice: /usr/lib/firmware/cypress/cyfmac4356-pcie.bin
warning: File listed twice: /usr/lib/firmware/cypress/cyfmac4356-pcie.clm_blob
warning: File listed twice: /usr/lib/firmware/cypress/cyfmac4356-sdio.bin
warning: File listed twice: /usr/lib/firmware/cypress/cyfmac4356-sdio.clm_blob
warning: File listed twice: /usr/lib/firmware/cypress/cyfmac43570-pcie.bin
warning: File listed twice: /usr/lib/firmware/cypress/cyfmac43570-pcie.clm_blob
warning: File listed twice: /usr/lib/firmware/cypress/cyfmac4373-sdio.bin
warning: File listed twice: /usr/lib/firmware/cypress/cyfmac4373-sdio.clm_blob
warning: File listed twice: /usr/lib/firmware/cypress/cyfmac54591-pcie.bin
warning: File listed twice: /usr/lib/firmware/cypress/cyfmac54591-pcie.clm_blob
Provides: cypress-firmware = 20260707-161.1.el9.redsleeve
Requires(rpmlib): rpmlib(CompressedFileNames) <= 3.0.4-1 rpmlib(FileDigests) <= 4.6.0-1 rpmlib(PayloadFilesHavePrefix) <= 4.0-1
Processing files: iwl100-firmware-39.31.5.1-161.1.el9.noarch
Executing(%license): /bin/sh -e /var/tmp/rpm-tmp.MVuEXC
+ umask 022
+ cd /builddir/build/BUILD
+ cd linux-firmware-20260707
+ LICENSEDIR=/builddir/build/BUILDROOT/linux-firmware-20260707-161.1.el9.redsleeve.arm/usr/share/licenses/iwl100-firmware
+ export LC_ALL=C
+ LC_ALL=C
+ export LICENSEDIR
+ /usr/bin/mkdir -p /builddir/build/BUILDROOT/linux-firmware-20260707-161.1.el9.redsleeve.arm/usr/share/licenses/iwl100-firmware
+ cp -pr LICENSES/LICENCE.iwlwifi_firmware /builddir/build/BUILDROOT/linux-firmware-20260707-161.1.el9.redsleeve.arm/usr/share/licenses/iwl100-firmware
+ RPM_EC=0
++ jobs -p
+ exit 0
Provides: iwl100-firmware = 39.31.5.1-161.1.el9
Requires(rpmlib): rpmlib(CompressedFileNames) <= 3.0.4-1 rpmlib(FileDigests) <= 4.6.0-1 rpmlib(PayloadFilesHavePrefix) <= 4.0-1
Processing files: iwl105-firmware-18.168.6.1-161.1.el9.noarch
Executing(%license): /bin/sh -e /var/tmp/rpm-tmp.KW0fWV
+ umask 022
+ cd /builddir/build/BUILD
+ cd linux-firmware-20260707
+ LICENSEDIR=/builddir/build/BUILDROOT/linux-firmware-20260707-161.1.el9.redsleeve.arm/usr/share/licenses/iwl105-firmware
+ export LC_ALL=C
+ LC_ALL=C
+ export LICENSEDIR
+ /usr/bin/mkdir -p /builddir/build/BUILDROOT/linux-firmware-20260707-161.1.el9.redsleeve.arm/usr/share/licenses/iwl105-firmware
+ cp -pr LICENSES/LICENCE.iwlwifi_firmware /builddir/build/BUILDROOT/linux-firmware-20260707-161.1.el9.redsleeve.arm/usr/share/licenses/iwl105-firmware
+ RPM_EC=0
++ jobs -p
+ exit 0
Provides: iwl105-firmware = 18.168.6.1-161.1.el9
Requires(rpmlib): rpmlib(CompressedFileNames) <= 3.0.4-1 rpmlib(FileDigests) <= 4.6.0-1 rpmlib(PayloadFilesHavePrefix) <= 4.0-1
Processing files: iwl135-firmware-18.168.6.1-161.1.el9.noarch
Executing(%license): /bin/sh -e /var/tmp/rpm-tmp.3C0SAh
+ umask 022
+ cd /builddir/build/BUILD
+ cd linux-firmware-20260707
+ LICENSEDIR=/builddir/build/BUILDROOT/linux-firmware-20260707-161.1.el9.redsleeve.arm/usr/share/licenses/iwl135-firmware
+ export LC_ALL=C
+ LC_ALL=C
+ export LICENSEDIR
+ /usr/bin/mkdir -p /builddir/build/BUILDROOT/linux-firmware-20260707-161.1.el9.redsleeve.arm/usr/share/licenses/iwl135-firmware
+ cp -pr LICENSES/LICENCE.iwlwifi_firmware /builddir/build/BUILDROOT/linux-firmware-20260707-161.1.el9.redsleeve.arm/usr/share/licenses/iwl135-firmware
+ RPM_EC=0
++ jobs -p
+ exit 0
Provides: iwl135-firmware = 18.168.6.1-161.1.el9
Requires(rpmlib): rpmlib(CompressedFileNames) <= 3.0.4-1 rpmlib(FileDigests) <= 4.6.0-1 rpmlib(PayloadFilesHavePrefix) <= 4.0-1
Processing files: iwl1000-firmware-39.31.5.1-161.1.el9.noarch
Executing(%license): /bin/sh -e /var/tmp/rpm-tmp.r50P0C
+ umask 022
+ cd /builddir/build/BUILD
+ cd linux-firmware-20260707
+ LICENSEDIR=/builddir/build/BUILDROOT/linux-firmware-20260707-161.1.el9.redsleeve.arm/usr/share/licenses/iwl1000-firmware
+ export LC_ALL=C
+ LC_ALL=C
+ export LICENSEDIR
+ /usr/bin/mkdir -p /builddir/build/BUILDROOT/linux-firmware-20260707-161.1.el9.redsleeve.arm/usr/share/licenses/iwl1000-firmware
+ cp -pr LICENSES/LICENCE.iwlwifi_firmware /builddir/build/BUILDROOT/linux-firmware-20260707-161.1.el9.redsleeve.arm/usr/share/licenses/iwl1000-firmware
+ RPM_EC=0
++ jobs -p
+ exit 0
Provides: iwl1000-firmware = 1:39.31.5.1-161.1.el9
Requires(rpmlib): rpmlib(CompressedFileNames) <= 3.0.4-1 rpmlib(FileDigests) <= 4.6.0-1 rpmlib(PayloadFilesHavePrefix) <= 4.0-1
Processing files: iwl2000-firmware-18.168.6.1-161.1.el9.noarch
Executing(%license): /bin/sh -e /var/tmp/rpm-tmp.Oi5922
+ umask 022
+ cd /builddir/build/BUILD
+ cd linux-firmware-20260707
+ LICENSEDIR=/builddir/build/BUILDROOT/linux-firmware-20260707-161.1.el9.redsleeve.arm/usr/share/licenses/iwl2000-firmware
+ export LC_ALL=C
+ LC_ALL=C
+ export LICENSEDIR
+ /usr/bin/mkdir -p /builddir/build/BUILDROOT/linux-firmware-20260707-161.1.el9.redsleeve.arm/usr/share/licenses/iwl2000-firmware
+ cp -pr LICENSES/LICENCE.iwlwifi_firmware /builddir/build/BUILDROOT/linux-firmware-20260707-161.1.el9.redsleeve.arm/usr/share/licenses/iwl2000-firmware
+ RPM_EC=0
++ jobs -p
+ exit 0
Provides: iwl2000-firmware = 18.168.6.1-161.1.el9
Requires(rpmlib): rpmlib(CompressedFileNames) <= 3.0.4-1 rpmlib(FileDigests) <= 4.6.0-1 rpmlib(PayloadFilesHavePrefix) <= 4.0-1
Processing files: iwl2030-firmware-18.168.6.1-161.1.el9.noarch
Executing(%license): /bin/sh -e /var/tmp/rpm-tmp.yPji2r
+ umask 022
+ cd /builddir/build/BUILD
+ cd linux-firmware-20260707
+ LICENSEDIR=/builddir/build/BUILDROOT/linux-firmware-20260707-161.1.el9.redsleeve.arm/usr/share/licenses/iwl2030-firmware
+ export LC_ALL=C
+ LC_ALL=C
+ export LICENSEDIR
+ /usr/bin/mkdir -p /builddir/build/BUILDROOT/linux-firmware-20260707-161.1.el9.redsleeve.arm/usr/share/licenses/iwl2030-firmware
+ cp -pr LICENSES/LICENCE.iwlwifi_firmware /builddir/build/BUILDROOT/linux-firmware-20260707-161.1.el9.redsleeve.arm/usr/share/licenses/iwl2030-firmware
+ RPM_EC=0
++ jobs -p
+ exit 0
Provides: iwl2030-firmware = 18.168.6.1-161.1.el9
Requires(rpmlib): rpmlib(CompressedFileNames) <= 3.0.4-1 rpmlib(FileDigests) <= 4.6.0-1 rpmlib(PayloadFilesHavePrefix) <= 4.0-1
Processing files: iwl3160-firmware-25.30.13.0-161.1.el9.noarch
Executing(%license): /bin/sh -e /var/tmp/rpm-tmp.ij1qti
+ umask 022
+ cd /builddir/build/BUILD
+ cd linux-firmware-20260707
+ LICENSEDIR=/builddir/build/BUILDROOT/linux-firmware-20260707-161.1.el9.redsleeve.arm/usr/share/licenses/iwl3160-firmware
+ export LC_ALL=C
+ LC_ALL=C
+ export LICENSEDIR
+ /usr/bin/mkdir -p /builddir/build/BUILDROOT/linux-firmware-20260707-161.1.el9.redsleeve.arm/usr/share/licenses/iwl3160-firmware
+ cp -pr LICENSES/LICENCE.iwlwifi_firmware /builddir/build/BUILDROOT/linux-firmware-20260707-161.1.el9.redsleeve.arm/usr/share/licenses/iwl3160-firmware
+ RPM_EC=0
++ jobs -p
+ exit 0
Provides: iwl3160-firmware = 1:25.30.13.0-161.1.el9
Requires(rpmlib): rpmlib(CompressedFileNames) <= 3.0.4-1 rpmlib(FileDigests) <= 4.6.0-1 rpmlib(PayloadFilesHavePrefix) <= 4.0-1
Processing files: iwl3945-firmware-15.32.2.9-161.1.el9.noarch
Executing(%license): /bin/sh -e /var/tmp/rpm-tmp.dNX7hC
+ umask 022
+ cd /builddir/build/BUILD
+ cd linux-firmware-20260707
+ LICENSEDIR=/builddir/build/BUILDROOT/linux-firmware-20260707-161.1.el9.redsleeve.arm/usr/share/licenses/iwl3945-firmware
+ export LC_ALL=C
+ LC_ALL=C
+ export LICENSEDIR
+ /usr/bin/mkdir -p /builddir/build/BUILDROOT/linux-firmware-20260707-161.1.el9.redsleeve.arm/usr/share/licenses/iwl3945-firmware
+ cp -pr LICENSES/LICENCE.iwlwifi_firmware /builddir/build/BUILDROOT/linux-firmware-20260707-161.1.el9.redsleeve.arm/usr/share/licenses/iwl3945-firmware
+ RPM_EC=0
++ jobs -p
+ exit 0
Provides: iwl3945-firmware = 15.32.2.9-161.1.el9
Requires(rpmlib): rpmlib(CompressedFileNames) <= 3.0.4-1 rpmlib(FileDigests) <= 4.6.0-1 rpmlib(PayloadFilesHavePrefix) <= 4.0-1
Processing files: iwl4965-firmware-228.61.2.24-161.1.el9.noarch
Executing(%license): /bin/sh -e /var/tmp/rpm-tmp.fIWL86
+ umask 022
+ cd /builddir/build/BUILD
+ cd linux-firmware-20260707
+ LICENSEDIR=/builddir/build/BUILDROOT/linux-firmware-20260707-161.1.el9.redsleeve.arm/usr/share/licenses/iwl4965-firmware
+ export LC_ALL=C
+ LC_ALL=C
+ export LICENSEDIR
+ /usr/bin/mkdir -p /builddir/build/BUILDROOT/linux-firmware-20260707-161.1.el9.redsleeve.arm/usr/share/licenses/iwl4965-firmware
+ cp -pr LICENSES/LICENCE.iwlwifi_firmware /builddir/build/BUILDROOT/linux-firmware-20260707-161.1.el9.redsleeve.arm/usr/share/licenses/iwl4965-firmware
+ RPM_EC=0
++ jobs -p
+ exit 0
Provides: iwl4965-firmware = 228.61.2.24-161.1.el9
Requires(rpmlib): rpmlib(CompressedFileNames) <= 3.0.4-1 rpmlib(FileDigests) <= 4.6.0-1 rpmlib(PayloadFilesHavePrefix) <= 4.0-1
Processing files: iwl5000-firmware-8.83.5.1_1-161.1.el9.noarch
Executing(%license): /bin/sh -e /var/tmp/rpm-tmp.dFnXF1
+ umask 022
+ cd /builddir/build/BUILD
+ cd linux-firmware-20260707
+ LICENSEDIR=/builddir/build/BUILDROOT/linux-firmware-20260707-161.1.el9.redsleeve.arm/usr/share/licenses/iwl5000-firmware
+ export LC_ALL=C
+ LC_ALL=C
+ export LICENSEDIR
+ /usr/bin/mkdir -p /builddir/build/BUILDROOT/linux-firmware-20260707-161.1.el9.redsleeve.arm/usr/share/licenses/iwl5000-firmware
+ cp -pr LICENSES/LICENCE.iwlwifi_firmware /builddir/build/BUILDROOT/linux-firmware-20260707-161.1.el9.redsleeve.arm/usr/share/licenses/iwl5000-firmware
+ RPM_EC=0
++ jobs -p
+ exit 0
Provides: iwl5000-firmware = 8.83.5.1_1-161.1.el9
Requires(rpmlib): rpmlib(CompressedFileNames) <= 3.0.4-1 rpmlib(FileDigests) <= 4.6.0-1 rpmlib(PayloadFilesHavePrefix) <= 4.0-1
Processing files: iwl5150-firmware-8.24.2.2-161.1.el9.noarch
Executing(%license): /bin/sh -e /var/tmp/rpm-tmp.9TIDFG
+ umask 022
+ cd /builddir/build/BUILD
+ cd linux-firmware-20260707
+ LICENSEDIR=/builddir/build/BUILDROOT/linux-firmware-20260707-161.1.el9.redsleeve.arm/usr/share/licenses/iwl5150-firmware
+ export LC_ALL=C
+ LC_ALL=C
+ export LICENSEDIR
+ /usr/bin/mkdir -p /builddir/build/BUILDROOT/linux-firmware-20260707-161.1.el9.redsleeve.arm/usr/share/licenses/iwl5150-firmware
+ cp -pr LICENSES/LICENCE.iwlwifi_firmware /builddir/build/BUILDROOT/linux-firmware-20260707-161.1.el9.redsleeve.arm/usr/share/licenses/iwl5150-firmware
+ RPM_EC=0
++ jobs -p
+ exit 0
Provides: iwl5150-firmware = 8.24.2.2-161.1.el9
Requires(rpmlib): rpmlib(CompressedFileNames) <= 3.0.4-1 rpmlib(FileDigests) <= 4.6.0-1 rpmlib(PayloadFilesHavePrefix) <= 4.0-1
Processing files: iwl6000-firmware-9.221.4.1-161.1.el9.noarch
Executing(%license): /bin/sh -e /var/tmp/rpm-tmp.KzfgNa
+ umask 022
+ cd /builddir/build/BUILD
+ cd linux-firmware-20260707
+ LICENSEDIR=/builddir/build/BUILDROOT/linux-firmware-20260707-161.1.el9.redsleeve.arm/usr/share/licenses/iwl6000-firmware
+ export LC_ALL=C
+ LC_ALL=C
+ export LICENSEDIR
+ /usr/bin/mkdir -p /builddir/build/BUILDROOT/linux-firmware-20260707-161.1.el9.redsleeve.arm/usr/share/licenses/iwl6000-firmware
+ cp -pr LICENSES/LICENCE.iwlwifi_firmware /builddir/build/BUILDROOT/linux-firmware-20260707-161.1.el9.redsleeve.arm/usr/share/licenses/iwl6000-firmware
+ RPM_EC=0
++ jobs -p
+ exit 0
Provides: iwl6000-firmware = 9.221.4.1-161.1.el9
Requires(rpmlib): rpmlib(CompressedFileNames) <= 3.0.4-1 rpmlib(FileDigests) <= 4.6.0-1 rpmlib(PayloadFilesHavePrefix) <= 4.0-1
Processing files: iwl6000g2a-firmware-18.168.6.1-161.1.el9.noarch
Executing(%license): /bin/sh -e /var/tmp/rpm-tmp.Tb9I56
+ umask 022
+ cd /builddir/build/BUILD
+ cd linux-firmware-20260707
+ LICENSEDIR=/builddir/build/BUILDROOT/linux-firmware-20260707-161.1.el9.redsleeve.arm/usr/share/licenses/iwl6000g2a-firmware
+ export LC_ALL=C
+ LC_ALL=C
+ export LICENSEDIR
+ /usr/bin/mkdir -p /builddir/build/BUILDROOT/linux-firmware-20260707-161.1.el9.redsleeve.arm/usr/share/licenses/iwl6000g2a-firmware
+ cp -pr LICENSES/LICENCE.iwlwifi_firmware /builddir/build/BUILDROOT/linux-firmware-20260707-161.1.el9.redsleeve.arm/usr/share/licenses/iwl6000g2a-firmware
+ RPM_EC=0
++ jobs -p
+ exit 0
Provides: iwl6000g2a-firmware = 18.168.6.1-161.1.el9
Requires(rpmlib): rpmlib(CompressedFileNames) <= 3.0.4-1 rpmlib(FileDigests) <= 4.6.0-1 rpmlib(PayloadFilesHavePrefix) <= 4.0-1
Processing files: iwl6000g2b-firmware-18.168.6.1-161.1.el9.noarch
Executing(%license): /bin/sh -e /var/tmp/rpm-tmp.1VDLhQ
+ umask 022
+ cd /builddir/build/BUILD
+ cd linux-firmware-20260707
+ LICENSEDIR=/builddir/build/BUILDROOT/linux-firmware-20260707-161.1.el9.redsleeve.arm/usr/share/licenses/iwl6000g2b-firmware
+ export LC_ALL=C
+ LC_ALL=C
+ export LICENSEDIR
+ /usr/bin/mkdir -p /builddir/build/BUILDROOT/linux-firmware-20260707-161.1.el9.redsleeve.arm/usr/share/licenses/iwl6000g2b-firmware
+ cp -pr LICENSES/LICENCE.iwlwifi_firmware /builddir/build/BUILDROOT/linux-firmware-20260707-161.1.el9.redsleeve.arm/usr/share/licenses/iwl6000g2b-firmware
+ RPM_EC=0
++ jobs -p
+ exit 0
Provides: iwl6000g2b-firmware = 18.168.6.1-161.1.el9
Requires(rpmlib): rpmlib(CompressedFileNames) <= 3.0.4-1 rpmlib(FileDigests) <= 4.6.0-1 rpmlib(PayloadFilesHavePrefix) <= 4.0-1
Processing files: iwl6050-firmware-41.28.5.1-161.1.el9.noarch
Executing(%license): /bin/sh -e /var/tmp/rpm-tmp.gzlO1j
+ umask 022
+ cd /builddir/build/BUILD
+ cd linux-firmware-20260707
+ LICENSEDIR=/builddir/build/BUILDROOT/linux-firmware-20260707-161.1.el9.redsleeve.arm/usr/share/licenses/iwl6050-firmware
+ export LC_ALL=C
+ LC_ALL=C
+ export LICENSEDIR
+ /usr/bin/mkdir -p /builddir/build/BUILDROOT/linux-firmware-20260707-161.1.el9.redsleeve.arm/usr/share/licenses/iwl6050-firmware
+ cp -pr LICENSES/LICENCE.iwlwifi_firmware /builddir/build/BUILDROOT/linux-firmware-20260707-161.1.el9.redsleeve.arm/usr/share/licenses/iwl6050-firmware
+ RPM_EC=0
++ jobs -p
+ exit 0
Provides: iwl6050-firmware = 41.28.5.1-161.1.el9
Requires(rpmlib): rpmlib(CompressedFileNames) <= 3.0.4-1 rpmlib(FileDigests) <= 4.6.0-1 rpmlib(PayloadFilesHavePrefix) <= 4.0-1
Processing files: iwl7260-firmware-25.30.13.0-161.1.el9.noarch
Executing(%license): /bin/sh -e /var/tmp/rpm-tmp.7QjzbY
+ umask 022
+ cd /builddir/build/BUILD
+ cd linux-firmware-20260707
+ LICENSEDIR=/builddir/build/BUILDROOT/linux-firmware-20260707-161.1.el9.redsleeve.arm/usr/share/licenses/iwl7260-firmware
+ export LC_ALL=C
+ LC_ALL=C
+ export LICENSEDIR
+ /usr/bin/mkdir -p /builddir/build/BUILDROOT/linux-firmware-20260707-161.1.el9.redsleeve.arm/usr/share/licenses/iwl7260-firmware
+ cp -pr LICENSES/LICENCE.iwlwifi_firmware /builddir/build/BUILDROOT/linux-firmware-20260707-161.1.el9.redsleeve.arm/usr/share/licenses/iwl7260-firmware
+ RPM_EC=0
++ jobs -p
+ exit 0
Provides: iwl7260-firmware = 1:25.30.13.0-161.1.el9
Requires(rpmlib): rpmlib(CompressedFileNames) <= 3.0.4-1 rpmlib(FileDigests) <= 4.6.0-1 rpmlib(PayloadFilesHavePrefix) <= 4.0-1
Processing files: libertas-usb8388-firmware-20260707-161.1.el9.redsleeve.noarch
Executing(%license): /bin/sh -e /var/tmp/rpm-tmp.qCm1Zw
+ umask 022
+ cd /builddir/build/BUILD
+ cd linux-firmware-20260707
+ LICENSEDIR=/builddir/build/BUILDROOT/linux-firmware-20260707-161.1.el9.redsleeve.arm/usr/share/licenses/libertas-usb8388-firmware
+ export LC_ALL=C
+ LC_ALL=C
+ export LICENSEDIR
+ /usr/bin/mkdir -p /builddir/build/BUILDROOT/linux-firmware-20260707-161.1.el9.redsleeve.arm/usr/share/licenses/libertas-usb8388-firmware
+ cp -pr LICENSES/LICENCE.Marvell /builddir/build/BUILDROOT/linux-firmware-20260707-161.1.el9.redsleeve.arm/usr/share/licenses/libertas-usb8388-firmware
+ RPM_EC=0
++ jobs -p
+ exit 0
Provides: libertas-usb8388-firmware = 2:20260707-161.1.el9.redsleeve
Requires(rpmlib): rpmlib(CompressedFileNames) <= 3.0.4-1 rpmlib(FileDigests) <= 4.6.0-1 rpmlib(PayloadFilesHavePrefix) <= 4.0-1
Processing files: libertas-usb8388-olpc-firmware-20260707-161.1.el9.redsleeve.noarch
Executing(%license): /bin/sh -e /var/tmp/rpm-tmp.p5eSR5
+ umask 022
+ cd /builddir/build/BUILD
+ cd linux-firmware-20260707
+ LICENSEDIR=/builddir/build/BUILDROOT/linux-firmware-20260707-161.1.el9.redsleeve.arm/usr/share/licenses/libertas-usb8388-olpc-firmware
+ export LC_ALL=C
+ LC_ALL=C
+ export LICENSEDIR
+ /usr/bin/mkdir -p /builddir/build/BUILDROOT/linux-firmware-20260707-161.1.el9.redsleeve.arm/usr/share/licenses/libertas-usb8388-olpc-firmware
+ cp -pr LICENSES/LICENCE.Marvell /builddir/build/BUILDROOT/linux-firmware-20260707-161.1.el9.redsleeve.arm/usr/share/licenses/libertas-usb8388-olpc-firmware
+ RPM_EC=0
++ jobs -p
+ exit 0
Provides: libertas-usb8388-olpc-firmware = 20260707-161.1.el9.redsleeve
Requires(rpmlib): rpmlib(CompressedFileNames) <= 3.0.4-1 rpmlib(FileDigests) <= 4.6.0-1 rpmlib(PayloadFilesHavePrefix) <= 4.0-1
Processing files: libertas-sd8686-firmware-20260707-161.1.el9.redsleeve.noarch
Executing(%license): /bin/sh -e /var/tmp/rpm-tmp.cMhEQN
+ umask 022
+ cd /builddir/build/BUILD
+ cd linux-firmware-20260707
+ LICENSEDIR=/builddir/build/BUILDROOT/linux-firmware-20260707-161.1.el9.redsleeve.arm/usr/share/licenses/libertas-sd8686-firmware
+ export LC_ALL=C
+ LC_ALL=C
+ export LICENSEDIR
+ /usr/bin/mkdir -p /builddir/build/BUILDROOT/linux-firmware-20260707-161.1.el9.redsleeve.arm/usr/share/licenses/libertas-sd8686-firmware
+ cp -pr LICENSES/LICENCE.Marvell /builddir/build/BUILDROOT/linux-firmware-20260707-161.1.el9.redsleeve.arm/usr/share/licenses/libertas-sd8686-firmware
+ RPM_EC=0
++ jobs -p
+ exit 0
Provides: libertas-sd8686-firmware = 20260707-161.1.el9.redsleeve
Requires(rpmlib): rpmlib(CompressedFileNames) <= 3.0.4-1 rpmlib(FileDigests) <= 4.6.0-1 rpmlib(PayloadFilesHavePrefix) <= 4.0-1
Processing files: libertas-sd8787-firmware-20260707-161.1.el9.redsleeve.noarch
Executing(%license): /bin/sh -e /var/tmp/rpm-tmp.YKzehh
+ umask 022
+ cd /builddir/build/BUILD
+ cd linux-firmware-20260707
+ LICENSEDIR=/builddir/build/BUILDROOT/linux-firmware-20260707-161.1.el9.redsleeve.arm/usr/share/licenses/libertas-sd8787-firmware
+ export LC_ALL=C
+ LC_ALL=C
+ export LICENSEDIR
+ /usr/bin/mkdir -p /builddir/build/BUILDROOT/linux-firmware-20260707-161.1.el9.redsleeve.arm/usr/share/licenses/libertas-sd8787-firmware
+ cp -pr LICENSES/LICENCE.Marvell /builddir/build/BUILDROOT/linux-firmware-20260707-161.1.el9.redsleeve.arm/usr/share/licenses/libertas-sd8787-firmware
+ RPM_EC=0
++ jobs -p
+ exit 0
Provides: libertas-sd8787-firmware = 20260707-161.1.el9.redsleeve
Requires(rpmlib): rpmlib(CompressedFileNames) <= 3.0.4-1 rpmlib(FileDigests) <= 4.6.0-1 rpmlib(PayloadFilesHavePrefix) <= 4.0-1
Processing files: liquidio-firmware-20260707-161.1.el9.redsleeve.noarch
Executing(%license): /bin/sh -e /var/tmp/rpm-tmp.q8Udzr
+ umask 022
+ cd /builddir/build/BUILD
+ cd linux-firmware-20260707
+ LICENSEDIR=/builddir/build/BUILDROOT/linux-firmware-20260707-161.1.el9.redsleeve.arm/usr/share/licenses/liquidio-firmware
+ export LC_ALL=C
+ LC_ALL=C
+ export LICENSEDIR
+ /usr/bin/mkdir -p /builddir/build/BUILDROOT/linux-firmware-20260707-161.1.el9.redsleeve.arm/usr/share/licenses/liquidio-firmware
+ cp -pr LICENSES/LICENCE.cavium_liquidio /builddir/build/BUILDROOT/linux-firmware-20260707-161.1.el9.redsleeve.arm/usr/share/licenses/liquidio-firmware
+ RPM_EC=0
++ jobs -p
+ exit 0
Provides: liquidio-firmware = 20260707-161.1.el9.redsleeve
Requires(rpmlib): rpmlib(CompressedFileNames) <= 3.0.4-1 rpmlib(FileDigests) <= 4.6.0-1 rpmlib(PayloadFilesHavePrefix) <= 4.0-1
Processing files: netronome-firmware-20260707-161.1.el9.redsleeve.noarch
Executing(%license): /bin/sh -e /var/tmp/rpm-tmp.zdIdPj
+ umask 022
+ cd /builddir/build/BUILD
+ cd linux-firmware-20260707
+ LICENSEDIR=/builddir/build/BUILDROOT/linux-firmware-20260707-161.1.el9.redsleeve.arm/usr/share/licenses/netronome-firmware
+ export LC_ALL=C
+ LC_ALL=C
+ export LICENSEDIR
+ /usr/bin/mkdir -p /builddir/build/BUILDROOT/linux-firmware-20260707-161.1.el9.redsleeve.arm/usr/share/licenses/netronome-firmware
+ cp -pr LICENSES/LICENCE.Netronome /builddir/build/BUILDROOT/linux-firmware-20260707-161.1.el9.redsleeve.arm/usr/share/licenses/netronome-firmware
+ RPM_EC=0
++ jobs -p
+ exit 0
Provides: netronome-firmware = 20260707-161.1.el9.redsleeve
Requires(rpmlib): rpmlib(CompressedFileNames) <= 3.0.4-1 rpmlib(FileDigests) <= 4.6.0-1 rpmlib(PayloadFilesHavePrefix) <= 4.0-1
Checking for unpackaged file(s): /usr/lib/rpm/check-files /builddir/build/BUILDROOT/linux-firmware-20260707-161.1.el9.redsleeve.arm
Wrote: /builddir/build/RPMS/brcm-firmware-20260707-161.1.el9.redsleeve.noarch.rpm
Wrote: /builddir/build/RPMS/netronome-firmware-20260707-161.1.el9.redsleeve.noarch.rpm
Wrote: /builddir/build/RPMS/cypress-firmware-20260707-161.1.el9.redsleeve.noarch.rpm
Wrote: /builddir/build/RPMS/iwl3160-firmware-25.30.13.0-161.1.el9.noarch.rpm
Wrote: /builddir/build/RPMS/liquidio-firmware-20260707-161.1.el9.redsleeve.noarch.rpm
Wrote: /builddir/build/RPMS/iwl2030-firmware-18.168.6.1-161.1.el9.noarch.rpm
Wrote: /builddir/build/RPMS/iwl135-firmware-18.168.6.1-161.1.el9.noarch.rpm
Wrote: /builddir/build/RPMS/iwl2000-firmware-18.168.6.1-161.1.el9.noarch.rpm
Wrote: /builddir/build/RPMS/iwl105-firmware-18.168.6.1-161.1.el9.noarch.rpm
Wrote: /builddir/build/RPMS/iwl6000g2b-firmware-18.168.6.1-161.1.el9.noarch.rpm
Wrote: /builddir/build/RPMS/iwl6050-firmware-41.28.5.1-161.1.el9.noarch.rpm
Wrote: /builddir/build/RPMS/iwl6000g2a-firmware-18.168.6.1-161.1.el9.noarch.rpm
Wrote: /builddir/build/RPMS/iwl6000-firmware-9.221.4.1-161.1.el9.noarch.rpm
Wrote: /builddir/build/RPMS/libertas-sd8787-firmware-20260707-161.1.el9.redsleeve.noarch.rpm
Wrote: /builddir/build/RPMS/iwl5000-firmware-8.83.5.1_1-161.1.el9.noarch.rpm
Wrote: /builddir/build/RPMS/linux-firmware-whence-20260707-161.1.el9.redsleeve.noarch.rpm
Wrote: /builddir/build/RPMS/iwl100-firmware-39.31.5.1-161.1.el9.noarch.rpm
Wrote: /builddir/build/RPMS/iwl1000-firmware-39.31.5.1-161.1.el9.noarch.rpm
Wrote: /builddir/build/RPMS/iwl5150-firmware-8.24.2.2-161.1.el9.noarch.rpm
Wrote: /builddir/build/RPMS/iwl4965-firmware-228.61.2.24-161.1.el9.noarch.rpm
Wrote: /builddir/build/RPMS/iwl3945-firmware-15.32.2.9-161.1.el9.noarch.rpm
Wrote: /builddir/build/RPMS/libertas-usb8388-olpc-firmware-20260707-161.1.el9.redsleeve.noarch.rpm
Wrote: /builddir/build/RPMS/libertas-sd8686-firmware-20260707-161.1.el9.redsleeve.noarch.rpm
Wrote: /builddir/build/RPMS/libertas-usb8388-firmware-20260707-161.1.el9.redsleeve.noarch.rpm
Wrote: /builddir/build/RPMS/iwl7260-firmware-25.30.13.0-161.1.el9.noarch.rpm
Wrote: /builddir/build/RPMS/linux-firmware-20260707-161.1.el9.redsleeve.noarch.rpm
Child return code was: 0
