2026-08-09 07:35:51,499 - Mock Version: 6.7
2026-08-09 07:35:51,511 - Start(bootstrap): chroot init
2026-08-09 07:35:52,380 - Start(bootstrap): installing dnf tooling
2026-08-09 07:37:39,624 - Finish(bootstrap): installing dnf tooling
2026-08-09 07:37:39,955 - Start(bootstrap): creating root cache
2026-08-09 07:37:52,395 - Finish(bootstrap): creating root cache
2026-08-09 07:37:52,396 - Finish(bootstrap): chroot init
2026-08-09 07:37:52,402 - Start: chroot init
2026-08-09 07:37:56,470 - Start: unpacking root cache
2026-08-09 07:38:14,320 - Finish: unpacking root cache
2026-08-09 07:38:15,175 - Start: dnf4 update
2026-08-09 07:38:39,209 - Finish: dnf4 update
2026-08-09 07:38:39,718 - Finish: chroot init
2026-08-09 07:38:39,718 - Start: build phase for linux-firmware-20260707-161.1.el9.src.rpm
2026-08-09 07:38:39,719 - Start: build setup for linux-firmware-20260707-161.1.el9.src.rpm
2026-08-09 07:43:25,254 - Finish: build setup for linux-firmware-20260707-161.1.el9.src.rpm
2026-08-09 07:43:25,258 - Start: rpmbuild linux-firmware-20260707-161.1.el9.src.rpm
2026-08-09 07:43:25,260 - Start: Outputting list of installed packages
2026-08-09 07:43:26,275 - Finish: Outputting list of installed packages
2026-08-09 08:16:39,965 - Finish: rpmbuild linux-firmware-20260707-161.1.el9.src.rpm
2026-08-09 08:17:31,816 - Finish: build phase for linux-firmware-20260707-161.1.el9.src.rpm
2026-08-09 08:17:31,970 - Finish: run
