gpg-pubkey-2f00d701-6317b177 1662497143 0 (none) installed
rust-srpm-macros-17-4.el9.redsleeve.noarch 1659273193 2446 49ef8ef7f66551283baf25bd70810d00 installed
qt5-srpm-macros-5.15.9-1.el9.noarch 1703806117 492 45a59130e3572c681e5fe8b958e82cdc installed
perl-srpm-macros-1-41.el9.noarch 1659079733 862 5e7096dac5383117f7efa6b340aab62a installed
openblas-srpm-macros-2-11.el9.redsleeve.noarch 1659224297 103 26fcc7a0669da3fd5eae0ab8300c5c74 installed
ocaml-srpm-macros-6-6.el9.noarch 1659036992 745 5f7082acf2dc73c71f7a55f428e79d91 installed
ghc-srpm-macros-1.5.0-6.el9.noarch 1658887730 535 063c52e0542aacbebe817247e41aa072 installed
tzdata-2026c-1.el9_8.noarch 1786166291 1917852 42b04b400e9d5ce115bffafb262f9aaf installed
publicsuffix-list-dafsa-20210518-3.el9.noarch 1658484769 68815 408fcde2d59a2f9a3e18ecdd96615971 installed
pkgconf-m4-1.7.3-10.el9.noarch 1686085492 14187 ff787b3cac301d2e788290b6ff205bbd installed
pcre2-syntax-10.40-6.el9.noarch 1735104373 234324 b6c95c3710d14408d7b61c6dd933e4e9 installed
ncurses-base-6.2-12.20210508.el9.noarch 1766441027 307293 dcbdab72adbb367a7a192805d6d153d1 installed
libssh-config-0.10.4-18.el9.noarch 1781393812 277 b4fd63db8af875ace38a25892a36c965 installed
gawk-all-langpacks-5.1.0-6.el9.armv6hl 1658515890 1205149 19daa7a72c2dc3d084ca0d762b2b76ab installed
coreutils-common-8.32-41.el9_8.armv6hl 1783092508 10880341 00d9f061e9feaac7e9492e48c9560765 installed
ncurses-libs-6.2-12.20210508.el9.armv6hl 1766441027 1092475 e2d56a860fb2fddf95df57edfa4f24a6 installed
redsleeve-release-9.8-0.el9.noarch 1781137778 32063 cc11b60aa70fb9e2f634bfd66cacd9de installed
setup-2.13.7-10.el9.noarch 1717485764 725932 876afa082c9fa10fe4fa5d51404e10d4 installed
filesystem-3.16-5.el9.armv6hl 1735067435 88 6e3ae4493bee390136745e95fd678302 installed
basesystem-11-13.el9.0.1.noarch 1717417548 0 418a03d49144be07b1d5cfe660586f78 installed
bash-5.1.8-9.el9.armv6hl 1717417601 7623021 67bcb95fab4e64161d5ed76830a34aee installed
libgcc-11.5.0-14.el9.redsleeve.armv6hl 1782175757 234810 1817c8120488830de3484038b05cb12c installed
glibc-gconv-extra-2.34-275.el9_8.redsleeve.armv6hl 1785906138 19221270 42bd5274d49122ffb601ee87b6397226 installed
glibc-minimal-langpack-2.34-275.el9_8.redsleeve.armv6hl 1785906138 0 ea02176dac8cb0783390dff316910589 installed
glibc-common-2.34-275.el9_8.redsleeve.armv6hl 1785906138 1345022 4807aef7aac77ab8c5837508d1c59a51 installed
glibc-2.34-275.el9_8.redsleeve.armv6hl 1785906138 5783064 22b6d8557664e36f1fdf7cde5227c264 installed
crypto-policies-20260224-1.gitea0f072.el9.noarch 1782715857 101102 bbfd5e3bda82b5a4a152f59d8c23eaaa installed
systemd-rpm-macros-252-67.el9_8.4.redsleeve.noarch 1783255206 10405 9509132047cf02d67edc6c10ce935110 installed
zlib-1.2.11-40.el9.armv6hl 1703536251 185879 1f00d08bc04a2cfa6cb766a6157f8dfe installed
xz-libs-5.2.5-8.el9.armv6hl 1658503527 151567 beecf3e47f2a025ac2876a45ee334037 installed
bzip2-libs-1.0.8-11.el9.armv6hl 1781132494 73306 0800c44e43059b1f03c724e52806c854 installed
libacl-2.4.0-1.el9_8.armv6hl 1784772902 68608 45342565635f5f36366a58a2dc3aeb96 installed
libzstd-1.5.5-1.el9.armv6hl 1754035159 683072 b14752e5878257700df3d67d29d64cad installed
libxcrypt-4.4.18-3.el9.armv6hl 1659686838 274014 6b5aa381d9f124fa45186afbce1409eb installed
elfutils-libelf-0.194-1.el9.rocky.0.1.armv6hl 1781277616 1196646 571af08ea8793bf2079f508cb2a997df installed
libcap-2.48-10.el9.1.armv6hl 1778256786 503469 86e66fc96d7fbb8843b29fbc099436b6 installed
libstdc++-11.5.0-14.el9.redsleeve.armv6hl 1782175757 2236279 967c2e27952ed111f5e3034edf9032df installed
libuuid-2.37.4-25.el9.armv6hl 1782319439 70011 937ac214ed3d2d91183ff538ae332869 installed
gmp-1:6.2.0-13.el9.armv6hl 1703589156 540482 17ba4462df0c9af98ce9cf2d854ddcc7 installed
lz4-libs-1.9.3-5.el9.armv6hl 1658466519 123889 320f2b17ce245059a82d19592fa66ccd installed
popt-1.18-8.el9.armv6hl 1658483572 121186 a1285b708333fdfd23194432ed08fb63 installed
libattr-2.5.1-3.el9.armv6hl 1658420972 20415 42d2dadb5e086507605fb9b54c4ed307 installed
libcap-ng-0.8.2-7.el9.armv6hl 1658451724 57160 10ac6ae27ca6ad667d90f6464ba345be installed
audit-libs-3.1.5-8.el9.armv6hl 1781242275 296017 b9050bc3f08ca00072a2f8643d62281c installed
libcom_err-1.46.5-8.el9.armv6hl 1766484718 112667 0c29702a0c0b8ddd3ad590dea21d08b9 installed
readline-8.1-4.el9.armv6hl 1658486996 394252 bd9bc55130ba0c0073d14e555836a93f installed
mpfr-4.1.0-10.el9.armv6hl 1781136864 540977 218adce0bc091fb9833a6f7aa60417df installed
dwz-0.16-1.el9.armv6hl 1766595277 327964 b376169605c4594f644db4e3ae4e292f installed
unzip-6.0-60.el9_8.armv6hl 1781143633 478079 7a3405829b6e9304306984ff1c7d9bc8 installed
file-libs-5.39-17.el9.armv6hl 1781242718 8102390 829a55bf60c0ed655091ab2996d56028 installed
file-5.39-17.el9.armv6hl 1781242718 142492 4cb028ea400df45789f89a154abee6bb installed
sqlite-libs-3.34.1-10.el9_8.armv6hl 1781138487 1225742 8cde21c9401958e9695dec9736c3c020 installed
alternatives-1.24-2.el9.armv6hl 1753956721 91173 cdc47ddc050cb1b6f74f204dd7b9b0a2 installed
gdbm-libs-1:1.23-1.el9.armv6hl 1735069472 172202 092335a45d93f7c11f5fa5136c462370 installed
libatomic-11.5.0-14.el9.redsleeve.armv6hl 1782175757 70092 02bf307e6028990fd4e44837c944643a installed
libffi-3.4.2-8.el9.armv6hl 1703494467 52599 b1d426e1b4d669fa05e61b078249ce65 installed
libsepol-3.6-3.el9.armv6hl 1766435800 828533 c3100779764d0d0a92421141dc3248d0 installed
libsigsegv-2.13-4.el9.armv6hl 1658459907 45388 47bcd08a3d2b2230fc5b245909401873 installed
gawk-5.1.0-6.el9.armv6hl 1658515890 1552466 9ce8ba814641cf9461b2a8b61d7377cc installed
libsmartcols-2.37.4-25.el9.armv6hl 1782319439 162833 8fc3e88b3c43b466c016b5f90d644cbd installed
libtasn1-4.16.0-10.el9_8.redsleeve.armv6hl 1783254653 223558 a6d7a8989c5aaa0b6a1c781b3d61dc5b installed
p11-kit-0.26.4-1.el9_8.armv6hl 1785903794 2690563 88c29bf469ce8f5021773962deca6f49 installed
libunistring-0.9.10-15.el9.armv6hl 1658461539 1551905 5dd1e1bf27113594347257be61eb441c installed
libidn2-2.3.0-7.el9.armv6hl 1658456608 244518 b70bce5572eacbbb94c7a004fbe7aa16 installed
lua-libs-5.4.4-4.el9.armv6hl 1703504622 241953 7e707c68b336e8c585407651fac146c2 installed
pcre2-10.40-6.el9.armv6hl 1735104373 663118 231636fc7b0cc1a7354379efdad61cff installed
libselinux-3.6-3.el9.armv6hl 1753993781 204911 fc5d9bc4a0da1d651b111e81a34f5f76 installed
sed-4.8-10.el9_8.armv6hl 1781137910 831999 8e5c92dcc439eff0265c33708c6d7156 installed
findutils-1:4.8.0-7.el9.armv6hl 1735067864 1738554 664a3f42e61a891f5cf241c6c1aa4ef3 installed
libsemanage-3.6-5.el9.armv6hl 1753993987 305408 7816d07f398187dacf69f012970fff6b installed
shadow-utils-2:4.9-16.el9.armv6hl 1781241520 4159345 a4e50bd406ad68699e09df54a379aefc installed
libutempter-1.2.1-6.el9.armv6hl 1658462294 45183 4a2520efcaa516d8affb86572fe273e0 installed
tar-2:1.34-11.el9.armv6hl 1781349789 3169730 9270bcb786ae8a2226fd8ccfd6b2b2bf installed
libpsl-0.21.1-5.el9.armv6hl 1658618097 69534 f2b12338945ef80afea27f82bbe2817f installed
p11-kit-trust-0.26.4-1.el9_8.armv6hl 1785903794 475091 71a0c4657d183ce54790bc172ca9b6f5 installed
zip-3.0-35.el9.armv6hl 1686103412 680471 5970d752e668db049bad336577168193 installed
zstd-1.5.5-1.el9.armv6hl 1754035159 954947 16ab051b781ac0a406c3a98bafd11ba6 installed
groff-base-1.22.4-10.el9.armv6hl 1660376525 3557938 f72f881e7bdbfca99b3ad53b0393c9d0 installed
acl-2.4.0-1.el9_8.armv6hl 1784772902 335761 a7a0c8b4319fdc5a1f33335852eca4be installed
bzip2-1.0.8-11.el9.armv6hl 1781132494 175028 3316b67a9299fca386c3e90d34be0833 installed
libxml2-2.9.13-14.el9_8.2.armv6hl 1784177294 1828086 becdbc5730c978c22f6914bd8d7a40ae installed
info-6.7-15.el9.armv6hl 1658500045 439747 9e5c907b17880a56945bf103160eae69 installed
ed-1.14.2-12.el9.armv6hl 1658437975 120875 ba1fe42d5b6913dd327cfc04e5755007 installed
patch-2.7.6-16.el9.armv6hl 1659042707 276802 38e5f772997368f8403046bb5751df47 installed
cpio-2.13-16.el9.armv6hl 1658425538 1068747 3e7a1827f802db3cd6223475fa619bba installed
diffutils-3.7-12.el9.armv6hl 1658426466 1410286 0210a0e52f7422f51eebb23d1f62469d installed
expat-2.5.0-6.el9_8.1.armv6hl 1781156400 340781 ff98186a885de7955db9ab7c88c034e6 installed
json-c-0.14-11.el9.armv6hl 1658449364 61912 ebe528da552bc51067f7e5ad7c10374e installed
keyutils-libs-1.6.3-1.el9.armv6hl 1686054538 46317 09ed39f8f7db8ad9026edcb39afbfe83 installed
libbrotli-1.0.9-9.el9.armv6hl 1770559336 796368 22622d56b8f5bf31f1fcbc44c3082f88 installed
libdb-5.3.28-57.el9.armv6hl 1753988216 1626860 afd7a5120d3f11ad6df0250c68715436 installed
libeconf-0.4.1-7.el9_8.armv6hl 1781411341 73621 b2c3efdcffe206926537924f2b96f986 installed
libgomp-11.5.0-14.el9.redsleeve.armv6hl 1782175757 400271 3fdb06e89f028fa906a6fb56a7ecbe44 installed
libgpg-error-1.42-5.el9.armv6hl 1658456340 810590 3b7490bf63470b711da78e9224c82186 installed
libgcrypt-1.10.0-13.el9_8.armv6hl 1786085317 1106476 272cd877f2d1a61fff721ef989c9aa65 installed
libnghttp2-1.43.0-6.el9.1.armv6hl 1776605086 201822 e2e3fb0395076491262fdfd762215b0c installed
libpkgconf-1.7.3-10.el9.armv6hl 1686085492 53383 3efccf6a6d159f4037db0be46ab60ffb installed
pkgconf-1.7.3-10.el9.armv6hl 1686085492 68462 2de18ed8eabb575d81b73344b28487a2 installed
pkgconf-pkg-config-1.7.3-10.el9.armv6hl 1686085492 1192 2a2ca3650791473839539ec0b1d1e5d7 installed
libseccomp-2.5.2-2.el9.redsleeve.armv6hl 1658412229 174515 2de50e540c419cca3cf504f48d5da016 installed
libtool-ltdl-2.4.6-46.el9.armv6hl 1753994883 95278 04e3c16f28e3cc4431a8f2f5e71fbb60 installed
libverto-0.3.2-3.el9.armv6hl 1658462347 21367 1a63170491b3fff19338428e94bf2aab installed
ncurses-6.2-12.20210508.el9.armv6hl 1766441027 897588 ada1395839eb47b0309e285852297560 installed
pcre-8.44-4.el9.armv6hl 1735103834 564784 05601a39eefcb947b563a9a4cb01633a installed
grep-3.6-5.el9.armv6hl 1658442353 832280 d30976045b2bb4067239eeaf5a00717d installed
openssl-fips-provider-1:3.5.5-6.el9_8.armv6hl 1785306290 1336756 a0115a47ff441a8ca01d7cc3555ccbf0 installed
openssl-libs-1:3.5.5-6.el9_8.armv6hl 1785306290 5239713 7111c9ba44eb10a0013dc103cdff8b0d installed
coreutils-8.32-41.el9_8.armv6hl 1783092508 8319934 e615cd39465006bee52e317a42efbb31 installed
ca-certificates-2025.2.80_v9.0.305-91.el9.noarch 1766421838 2791711 28afc6539ab1c727b7ffc12788a2124b installed
libblkid-2.37.4-25.el9.armv6hl 1782319439 269715 b2f7378c1b9cb0eb6f0ebb694ae0350b installed
systemd-libs-252-67.el9_8.4.redsleeve.armv6hl 1783255206 1644254 464c15688e74a22a986ba709d43094a7 installed
libmount-2.37.4-25.el9.armv6hl 1782319439 296995 4a5801f90d20bd058ff3eb704fee822c installed
krb5-libs-1.21.1-10.el9_8.armv6hl 1781333093 2566352 2ee8623c865dcee03571ff79e689e560 installed
libfdisk-2.37.4-25.el9.armv6hl 1782319439 368133 4e83ab907dc324c7991d418af2f5a777 installed
gzip-1.12-1.el9.armv6hl 1670198751 371361 9646b381f800cc0bbd6a5c5dbacbd25f installed
cracklib-2.9.6-28.el9.armv6hl 1781134421 427008 718416d2b0ff963eeee8686a765f3520 installed
libarchive-3.5.3-9.el9.armv6hl 1776608608 799316 e47312ad8ed55e7100d821172188cd4d installed
xz-5.2.5-8.el9.armv6hl 1658503527 671911 0df30e76a30a128456ab808fd630520f installed
cracklib-dicts-2.9.6-28.el9.armv6hl 1781134421 9815154 12f263f22d0d734d73d4560f84840a09 installed
perl-Digest-1.19-4.el9.noarch 1659051629 36844 24d01316fa20c17371c751b3dfea64b5 installed
perl-Digest-MD5-2.58-4.el9.armv6hl 1659051723 56624 bc479357759cd1b552bc1fb1ad265d7a installed
perl-B-0:1.80-483.el9.armv6hl 1781305765 544643 cf9a8524806ec0078e9e44e1d5ae392c installed
perl-FileHandle-0:2.03-483.el9.noarch 1781305765 10533 fa60a0b25dc4de506f4337798fd39ef1 installed
perl-Data-Dumper-2.174-462.el9.armv6hl 1659051140 102907 ac212f0c825c6e81f862d59ca01080ad installed
perl-libnet-3.13-4.el9.noarch 1659079353 299357 bc3563ebc961e900dc3377cce1eea3fd installed
perl-AutoLoader-0:5.74-483.el9.noarch 1781305765 22038 8ad4be87ec58b786da405b22e2776f20 installed
perl-base-0:2.27-483.el9.noarch 1781305765 13820 89d3cd55c301bda76fd4c9162ac66fee installed
perl-URI-5.09-3.el9.noarch 1660278250 216915 4f045570c1efa714a2fe6d533f109b29 installed
perl-if-0:0.60.800-483.el9.noarch 1781305765 6875 5514b3a7989534ccf710a3ef7b4f4705 installed
perl-IO-Socket-IP-0.41-5.el9.noarch 1659070845 100240 4296c08aed0a2d704a0cae52d27a5b72 installed
perl-Time-Local-2:1.300-7.el9.noarch 1659077569 67344 ff7d8582ae0bae30bef55e1207018f13 installed
perl-File-Path-2.18-4.el9.noarch 1659053093 65333 f5b4016f07e6279be38f3375dc187195 installed
perl-IO-Socket-SSL-2.073-2.el9.noarch 1735584138 616300 9ee50ad1e24939fbc89bfd71c05c1313 installed
perl-Net-SSLeay-1.94-3.el9.armv6hl 1766664311 1482675 3874bbc92a70240448bd50c2b77dc2c0 installed
perl-Pod-Escapes-1:1.07-460.el9.noarch 1659075368 25764 8d4d5a7fae2758c1a68204ce46581151 installed
perl-Text-Tabs+Wrap-2013.0523-460.el9.noarch 1659077160 24828 c0b2b1fb599edb08eb3acf9df056d7ae installed
perl-Mozilla-CA-20200520-6.el9.noarch 1659074121 5866 987ef16e3c9b12f2874babfe31a531d2 installed
perl-Class-Struct-0:0.66-483.el9.noarch 1781305765 26954 26bbe66bdbe077ac478101ae8d218e27 installed
perl-POSIX-0:1.94-483.el9.armv6hl 1781305765 264014 00b34ab4732faee3b5e35980c4b62c56 installed
perl-Term-ANSIColor-5.01-461.el9.noarch 1659076348 100303 5338e9599115e7cfc6af1bea23503ec1 installed
perl-IPC-Open3-0:1.21-483.el9.noarch 1781305765 25047 9f8c61376bd980a2ad35703f16fdd3a7 installed
perl-subs-0:1.03-483.el9.noarch 1781305765 3061 8990203cf047c8bf3d355eda980cf508 installed
perl-File-Temp-1:0.231.100-4.el9.noarch 1659053237 166550 db0698e17e39924f1cff9cd2c240635f installed
perl-Term-Cap-1.17-460.el9.noarch 1659076401 29851 a74f949a4cee789e3ce81072631564b7 installed
perl-Pod-Simple-1:3.42-4.el9.noarch 1659075467 577293 cfc62b44b56336e8e8256418c46f93ef installed
perl-HTTP-Tiny-0.076-462.el9.noarch 1717781619 150675 99712fe501b32d8e9e0050b71b0f8d1b installed
perl-Socket-4:2.031-4.el9.armv6hl 1659075734 111887 83c2f014e4bb8e2f37f9a3ef1da946f0 installed
perl-SelectSaver-0:1.02-483.el9.noarch 1781305765 3171 a9462ada8a5b0355498b8f00dbdcb1fd installed
perl-Symbol-0:1.08-483.el9.noarch 1781305765 7847 91b0ef6e868d9a1713a6dd7660c9b7f0 installed
perl-File-stat-0:1.09-483.el9.noarch 1781305765 13950 ec5cdae258fa5b82c782ffa1ec8ef8ec installed
perl-podlators-1:4.14-460.el9.noarch 1659079673 288742 94c831d1e75ec32594ea3446be77d17f installed
perl-Pod-Perldoc-3.28.01-461.el9.noarch 1659075412 170960 0ff51da509a0a9d434010a55b3305034 installed
perl-Fcntl-0:1.13-483.el9.armv6hl 1781305765 74574 ebf1f2ed28682baddc48ebb4d040fb03 installed
perl-Text-ParseWords-3.30-460.el9.noarch 1659077062 13101 3ad26bb816284903076d3f040ca3b84a installed
perl-mro-0:1.23-483.el9.armv6hl 1781305765 83706 5b89cc7b6ea68619ab08f84a42457e99 installed
perl-IO-0:1.43-483.el9.armv6hl 1781305765 203363 7c64aa79f81ef55a9c1e7ebf1820f5e8 installed
perl-overloading-0:0.02-483.el9.noarch 1781305765 5894 cebe26d4eef534ec4aefefbf7206f96a installed
perl-Pod-Usage-4:2.01-4.el9.noarch 1659075546 87186 cdcfae4824a57e20ad10b197ceffd63e installed
perl-Errno-0:1.30-483.el9.armv6hl 1781305765 9512 b49f1b625e6e909365677ea1aa6e215a installed
perl-File-Basename-0:2.85-483.el9.noarch 1781305765 15340 7813fa218c3323dc687efde5f835631a installed
perl-Getopt-Std-0:1.12-483.el9.noarch 1781305765 12107 0a8deb9ade4e5ad098de3f125316e115 installed
perl-MIME-Base64-3.16-4.el9.armv6hl 1659072559 43299 f7eb84afe44c86803f39d67c4537999b installed
perl-Scalar-List-Utils-4:1.56-462.el9.armv6hl 1735584320 150770 786fe10497d665e06bbe54ea3c9d1815 installed
perl-constant-1.33-461.el9.noarch 1659079029 27104 1e2ca5b7519a100cbef7942078227411 installed
perl-Storable-1:3.21-460.el9.armv6hl 1659075929 198410 76b68ac1979986e6083e22f59943c89b installed
perl-overload-0:1.31-483.el9.noarch 1781305765 72822 1ec6f35f0f3e42177db1601f44f9c306 installed
perl-parent-1:0.238-460.el9.noarch 1659079575 9535 7b9d005a59c85338cc1d3efc94ba1614 installed
perl-vars-0:1.05-483.el9.noarch 1781305765 4927 c9f853bdedfeb5a946b1471e7fd786b0 installed
perl-Getopt-Long-1:2.52-4.el9.noarch 1659053580 139937 ca912ced5d847c8fd254845be21312c0 installed
perl-Carp-1.50-460.el9.noarch 1659049257 47889 f8694ba5697343b35eb2ba0249b883b1 installed
perl-Exporter-5.74-461.el9.noarch 1659052308 55359 3759a0b402f6391269f781da0ab42f68 installed
perl-NDBM_File-0:1.15-483.el9.armv6hl 1781305765 74223 68243e64a71c6c5a8f99d2e2597dc203 installed
perl-PathTools-3.78-461.el9.armv6hl 1659075170 177600 43fc5553c0be2c71e297e6a0ac54d024 installed
perl-Encode-4:3.08-462.el9.armv6hl 1659051908 4948652 aa1982f67f3ba7a4b53acc0057f81518 installed
perl-libs-4:5.32.1-483.el9.armv6hl 1781305765 8906721 b057655de96b02100822799daad9b33c installed
perl-interpreter-4:5.32.1-483.el9.armv6hl 1781305765 172478 9a11ab0c19f3ad54908e72c56e719956 installed
kernel-srpm-macros-1.0-14.el9.noarch 1766632930 16948 10b563df5b7c191989cfc3dfb8ba0932 installed
cyrus-sasl-lib-2.1.27-22.el9.armv6hl 1776538338 2387462 7482525dbbfefd6b3a5026a2b7f64e6f installed
libssh-0.10.4-18.el9.armv6hl 1781393812 525429 216cd405616c5c0c189a93830d51c4ef installed
util-linux-core-2.37.4-25.el9.armv6hl 1782319439 2195839 90fb82b35e1cdee2508e14ca3af8e21c installed
openssl-1:3.5.5-6.el9_8.armv6hl 1785306290 2103253 25d5523ccd93feeaab66cec369b9cbcd installed
libpwquality-1.4.4-8.el9.armv6hl 1658459115 392364 8f57d98d2c40f27aa171b8e5a13551a4 installed
pam-1.5.1-28.el9.armv6hl 1782320575 4603552 3a0261957af2d0976649039f04538ed4 installed
util-linux-2.37.4-25.el9.armv6hl 1782319439 13894455 aa2e67bf402af713b152c205b3cc8ab9 installed
kmod-libs-28-11.el9.armv6hl 1766434558 161672 d0cadcf06ed66d09eb782add73b26862 installed
dbus-1:1.12.20-8.el9.armv6hl 1703475961 0 a53af533326a92741c8ebe56918dfb4c installed
systemd-pam-252-67.el9_8.4.redsleeve.armv6hl 1783255206 475364 4aa4d9846c4e2e2217bb66b55af4aa0f installed
systemd-252-67.el9_8.4.redsleeve.armv6hl 1783255206 13991276 ebe5d7b07e2d486e7a04ecf6264f0310 installed
dbus-common-1:1.12.20-8.el9.noarch 1703475961 11394 f5daf378586978ce9615dfc242bf820f installed
dbus-broker-28-8.el9.armv6hl 1781414545 428721 875df88e57f68b5b036e20f0c3f13f35 installed
elfutils-default-yama-scope-0.194-1.el9.rocky.0.1.noarch 1781277616 1810 dc47f1fa42863507df1b22d1facb0944 installed
elfutils-libs-0.194-1.el9.rocky.0.1.armv6hl 1781277616 697085 e51d99ee02da5c8db55c9e1b55f20018 installed
libevent-2.1.12-8.el9.armv6hl 1725633333 793424 fd18b2299fee6fa9e576de118205bfd0 installed
openldap-2.6.8-4.el9.0.1.armv6hl 1754009048 1050263 b05f6b64d4d786b7a341a266613e15b1 installed
libcurl-7.76.1-40.el9.armv6hl 1781279082 607256 9d523fc7caacc2d46495283e927b23a6 installed
elfutils-debuginfod-client-0.194-1.el9.rocky.0.1.armv6hl 1781277616 145028 8de7c778d4d0cded0d95a698c8d06e7d installed
binutils-gold-2.35.2-72.el9.redsleeve.armv6hl 1781372535 2365591 39df4ec6dfe2d5a5eaeae5d1dcab734e installed
binutils-2.35.2-72.el9.redsleeve.armv6hl 1781372535 24952061 ff9578048658e01ea8f7c2259e32eec6 installed
elfutils-0.194-1.el9.rocky.0.1.armv6hl 1781277616 3131661 375caec3b79846ff6d2b7071e2c79cb4 installed
gdb-minimal-16.3-3.el9.armv6hl 1782409192 12744893 c7b88cd6ccc26c9ff315807b675dd56d installed
debugedit-5.0-11.el9.armv6hl 1766594893 245514 d392ddbe688f22d5071161ed3e0d1ab8 installed
curl-7.76.1-40.el9.armv6hl 1781279082 696385 e77d0ab47396c88ac1761512b4cd4a7a installed
rpm-4.16.1.3-40.el9.armv6hl 1781243642 2991093 b9155f903a73dc6b3bc2c7f30afe1071 installed
rpm-libs-4.16.1.3-40.el9.armv6hl 1781243642 681984 0a43724f70834016ba98ee7117286946 installed
efi-srpm-macros-6-4.el9.noarch 1766426814 41047 26834f4e8cfff5db8a3fd306f63f8311 installed
lua-srpm-macros-1-6.el9.noarch 1659011393 1314 a98650197634cdd577637cf3b9d6054e installed
rpm-build-libs-4.16.1.3-40.el9.armv6hl 1781243642 201256 49348eaee9f44b27e82858c16fda7a0e installed
fonts-srpm-macros-1:2.0.5-7.el9.1.noarch 1663283624 56503 53386b69720605cc1bdb5eed25d7db1c installed
go-srpm-macros-3.8.1-1.el9.redsleeve.noarch 1781979010 62613 f8e7485d4be6078932e4fc80d88dfcbb installed
python-srpm-macros-3.9-54.el9.noarch 1735591649 37605 4cc4d51687b08c628ea829a559126ddd installed
redhat-rpm-config-210-1.el9.redsleeve.noarch 1767451115 189912 dd06e5069b47af8fd7a9b3fadc5651ab installed
rpm-build-4.16.1.3-40.el9.armv6hl 1781243642 325429 9a82d8a23e03a74dbb883e9bd55ede48 installed
pyproject-srpm-macros-1.18.5-1.el9.noarch 1782173258 1945 c172b38f70b59cdc6cf143bd84535394 installed
which-2.21-30.el9.armv6hl 1754653173 121708 38ea4db87d37619eb5b91df1ab89f731 installed
perl-File-Find-0:1.37-483.el9.noarch 1781305765 39638 4b2aa5cd533a478686b48b435558567e installed
perl-File-Copy-0:2.34-483.el9.noarch 1781305765 21088 66ee49c2de9e1fcb26db63c139896418 installed
perl-ExtUtils-Manifest-1:1.73-4.el9.noarch 1659052684 86784 19c33ee0bbfd00d5cc8f78b71fe4f0c4 installed
perl-DynaLoader-0:1.47-483.el9.armv6hl 1781305765 33065 f9c5522565b4e64dd893cdfe3432419e installed
perl-lib-0:0.65-483.el9.armv6hl 1781305765 9673 2f0602528536434ae43ee38feb220897 installed
perl-File-Compare-0:1.100.600-483.el9.noarch 1781305765 6696 9b8e675bd0f8eb603f2f588e2f5465a1 installed
perl-ExtUtils-ParseXS-1:3.40-460.el9.noarch 1659052735 404352 3c6dbfcd852cc7bd0745e54278a57455 installed
zlib-devel-1.2.11-40.el9.armv6hl 1703536251 141090 b7f2fb794a93f5d0a5868175b84fc180 installed
perl-meta-notation-0:5.32.1-483.el9.noarch 1781305765 2117 388bec60b94ece66bc708982f60c12c4 installed
perl-locale-0:1.09-483.el9.noarch 1781305765 7339 d29abe8c9be4e26cb35493580eae1f9f installed
perl-Tie-0:4.6-483.el9.noarch 1781305765 37003 4768d889c9883bb4512b5724de132766 installed
perl-Term-ReadLine-0:1.17-483.el9.noarch 1781305765 18640 44bb46e33620a2eea30d2c80c5301f7a installed
perl-Perl-OSType-1.010-461.el9.noarch 1659075227 33835 136ea00b2214705a43b7e3c7e4695e94 installed
perl-Module-Load-1:0.36-4.el9.noarch 1659073908 15489 b9ed518eeec28e307893aca1085e7fde installed
kernel-headers-5.14.0-687.29.1.el9_8.redsleeve.armv6hl 1785048520 6503689 d4e0f0f204f7d87b86c9e01588675172 installed
libxcrypt-devel-4.4.18-3.el9.armv6hl 1659686838 31017 7690393cb8c7493a4310de1ff596b992 installed
glibc-devel-2.34-275.el9_8.redsleeve.armv6hl 1785906138 2175165 4092f7ffa728b0143a59a777095e0723 installed
perl-Pod-Html-0:1.25-483.el9.noarch 1781305765 38419 97a3687bec68fa41c97d60cc7f9884b9 installed
perl-ExtUtils-Command-2:7.60-3.el9.noarch 1659052522 10109 96619744794f8267eb0a01c063a59145 installed
python-rpm-macros-3.9-54.el9.noarch 1735591649 20079 724d1decfb0c2a7c96428f16b3fff283 installed
perl-doc-0:5.32.1-483.el9.noarch 1781305765 10387633 049a8705f11818418065d03ff77f04f2 installed
perl-autouse-0:1.11-483.el9.noarch 1781305765 6999 73bcdfe850829ce6a80782285db8f752 installed
perl-User-pwent-0:1.03-483.el9.noarch 1781305765 19578 48f3469de5888fdfdd44905de000182c installed
perl-Tie-RefHash-1.40-4.el9.noarch 1659077412 35341 a36f678435f5d994f56b3c1cdc3b7fb8 installed
perl-Text-Balanced-2.04-4.el9.noarch 1659076921 109293 a3349f4fbded0bf4fc681b57ffb7dc34 installed
perl-Sub-Install-0.928-28.el9.noarch 1659076132 35807 9ca107d44ad2cceb75788a33466fe358 installed
perl-SelfLoader-0:1.26-483.el9.noarch 1781305765 23934 cd2da63e7f2b19160ec3240e65256593 installed
perl-Math-Complex-0:1.59-483.el9.noarch 1781305765 88262 392642d82b78ef353d04a200c932310a installed
perl-Math-BigInt-1:1.9998.18-460.el9.noarch 1659072947 725738 ad05404686da32f89924fa8863d7b9af installed
perl-JSON-PP-1:4.06-4.el9.noarch 1659071681 144767 93745b8f156cd3b288475a001529c31a installed
perl-Math-BigRat-0.2614-460.el9.noarch 1659073464 105818 32cb204930eaa0bb43940a00071c32c6 installed
perl-I18N-LangTags-0:0.44-483.el9.noarch 1781305765 87236 595b3ca76338a367d1f5ede7418ea582 installed
perl-Locale-Maketext-1.29-461.el9.noarch 1659072503 174927 9099d14b3ad9fcb5c449a8435b5644dd installed
perl-Locale-Maketext-Simple-1:0.21-483.el9.noarch 1781305765 14043 efe5607e0eddb6c9eacd0fc808825f0a installed
perl-Params-Check-1:0.38-461.el9.noarch 1659075000 28458 bca66200365d016a73d4c35d4cfd6dda installed
perl-ExtUtils-MM-Utils-2:7.60-3.el9.noarch 1659052522 3226 67d2f2a03323db6d0ffb04690ab8451f installed
perl-ExtUtils-Constant-0:0.25-483.el9.noarch 1781305765 91792 dc80e3cad0913a28db07346bf296a244 installed
perl-DirHandle-0:1.05-483.el9.noarch 1781305765 4416 fcf9e8a9d07d1d8d586b5c3782bc5488 installed
perl-CPAN-Meta-YAML-0.018-461.el9.noarch 1659049203 51721 274682952dec4152833669c1a7a1f466 installed
perl-Benchmark-0:1.23-483.el9.noarch 1781305765 38258 74d6475c7a45c452f1490dd2f35bcab5 installed
perl-AutoSplit-0:5.74-483.el9.noarch 1781305765 24629 44cebb992120932e06099182d44e426a installed
libzstd-devel-1.5.5-1.el9.armv6hl 1754035159 202815 c3529ce2742217ca5e2c5c5b1e7bab8a installed
elfutils-libelf-devel-0.194-1.el9.rocky.0.1.armv6hl 1781277616 76767 55b41d5caa0a036127f4e9f56d2fe73c installed
perl-bignum-0.51-460.el9.noarch 1659078968 91800 4ff8e8299d3bfa0d1cb41d1a7e72edf1 installed
perl-Devel-SelfStubber-0:1.06-483.el9.noarch 1781305765 7874 2b5c2a7bd81438eec1f2236b8630b1d7 installed
python3-rpm-macros-3.9-54.el9.noarch 1735591649 6227 787f72730ac898fb4be4dbb238b5cf07 installed
libcap-ng-devel-0.8.2-7.el9.armv6hl 1658451724 16859 4fdbb354d4c32582811025278a195682 installed
perl-Env-1.04-460.el9.noarch 1659052212 26875 6edeca08a94d06bb8fb845f54db26598 installed
perl-sigtrap-0:1.09-483.el9.noarch 1781305765 12283 847dd3b277612431de58e58fbe95a419 installed
perl-vmsish-0:1.04-483.el9.noarch 1781305765 7692 05c90b2cab3c8231d79e7b91c612bb56 installed
perl-utils-0:5.32.1-483.el9.noarch 1781305765 103016 211d2626fa10e9eff95332c34a5b0b04 installed
perl-sort-0:2.04-483.el9.noarch 1781305765 6851 287276f66d1f9b28b993b78fd378cc8d installed
perl-ph-0:5.32.1-483.el9.armv6hl 1781305765 264251 e2ecc707011f9a0f9fcc8c8cdccad6b7 installed
perl-perlfaq-5.20210520-1.el9.noarch 1754238193 745690 7c92595cabf42f4ada357d9aab4752ad installed
perl-macros-4:5.32.1-483.el9.noarch 1781305765 5643 85184b75557dd74b2587def85e5c2781 installed
perl-local-lib-2.000024-13.el9.noarch 1659079516 120229 27cbae12a4a8a63a35174b58ba8fd841 installed
perl-less-0:0.03-483.el9.noarch 1781305765 5968 fb9fe5b7bbd242a7ccb6e57d62bf23fa installed
perl-filetest-0:1.03-483.el9.noarch 1781305765 7538 c4f47393b7a27e800e9c1f1339e709e5 installed
perl-encoding-warnings-0:0.13-483.el9.noarch 1781305765 11210 3ea771743b98b73baf329d46d915aef1 installed
perl-diagnostics-0:1.37-483.el9.noarch 1781305765 455636 61db92db8c323f896462eb3b556fdc71 installed
perl-deprecate-0:0.04-483.el9.noarch 1781305765 7661 700c72a40e2e736da4137eb292c2437f installed
perl-blib-0:1.07-483.el9.noarch 1781305765 4236 565b5b01e49687c92dcfcd72ec5a9ea0 installed
perl-Time-0:1.03-483.el9.noarch 1781305765 13051 921e55c95facf28d09881c1104a200a4 installed
perl-Tie-Memoize-0:1.1-483.el9.noarch 1781305765 7302 33e844ade86da417625dda56e94aa611 installed
perl-Tie-File-0:1.06-483.el9.noarch 1781305765 88529 a803dbe319b82195fec967b1669a7b7f installed
perl-Text-Template-1.59-5.el9.noarch 1659077207 115575 c9c8ecc1e11016f7b0c1dd2e6482126b installed
perl-Text-Glob-0.11-15.el9.noarch 1659077017 8826 3c9631949aaf499471ecd52f2b2afac5 installed
perl-Text-Abbrev-0:1.02-483.el9.noarch 1781305765 4085 71d086217473a1f5e8b572ef21826377 installed
perl-Test-0:1.31-483.el9.noarch 1781305765 38819 5acb628a0716657bd8d8af988cd7bfb7 installed
perl-Term-Size-Perl-0.031-12.el9.armv6hl 1659076499 26459 2a9463da90e64a85f9e35706164ded9f installed
perl-Term-Size-Any-0.002-35.el9.noarch 1659076447 8378 b17f3d7989386cc7d93c90502ad23790 installed
perl-Term-Complete-0:1.403-483.el9.noarch 1781305765 6819 30f557bb8edec111ce2951c1020e6f50 installed
perl-Search-Dict-0:1.07-483.el9.noarch 1781305765 5721 de2ed6665307a0692fdee95fc2e91fe4 installed
perl-Pod-Functions-0:1.13-483.el9.noarch 1781305765 14366 c1a544ed7fb184e79c2a396ae861b47d installed
perl-Pod-Checker-4:1.74-4.el9.noarch 1659075320 52836 dd31b6cc7a0e52dce72ce6d4a13f9296 installed
perl-PerlIO-via-QuotedPrint-0.09-4.el9.noarch 1659075273 31112 117b6483583f6d34caf26cd851093a4c installed
perl-Package-Generator-1.106-23.el9.noarch 1659074953 31036 3fb2a7d03f87af3ef2a8723c28367bc5 installed
perl-Object-HashBase-0.009-7.el9.noarch 1659074906 45124 1063496626950f4c54eac7ddca22c093 installed
perl-Net-0:1.02-483.el9.noarch 1781305765 27147 94bf85723900558801c5d7b3017a1216 installed
perl-NEXT-0:0.67-483.el9.noarch 1781305765 25121 f83add0b24e427d2f9fa50d4eca20c90 installed
perl-Module-Loaded-1:0.08-483.el9.noarch 1781305765 6044 51a32f9793fc1d637cb72f6e1a4f692f installed
perl-Memoize-0:1.03-483.el9.noarch 1781305765 83498 085cc2cc488a10aa653f66257bc247f8 installed
perl-MRO-Compat-0.13-15.el9.noarch 1659072647 25912 a5119b5e27142725c7d9f11082423bbb installed
perl-MIME-Charset-1.012.2-15.el9.noarch 1660278048 106567 2928fbe8d18989ee721193cb906c92e4 installed
perl-Importer-0.026-4.el9.noarch 1659071281 94972 37a34cea378e4bf5ae01e9d0c7b0f5b7 installed
perl-IPC-System-Simple-1.30-6.el9.noarch 1659071229 73654 86b802443315b652c2aa296bb12c1be7 installed
perl-autodie-2.34-4.el9.noarch 1659078896 220087 63543d0045eaa518fcc4309deaf967f8 installed
perl-I18N-Collate-0:1.02-483.el9.noarch 1781305765 8191 5c62175a38c54de70d8a6c9e9e8b4477 installed
perl-FindBin-0:1.51-483.el9.noarch 1781305765 7441 e2936130f6251c87409e22867c012497 installed
perl-FileCache-0:1.10-483.el9.noarch 1781305765 8583 0d4b5686e8c4784495229106fe5e93cf installed
perl-File-Which-1.23-10.el9.noarch 1659053294 30250 d0d16fbba741f262c4bd7071b2c41a41 installed
perl-File-HomeDir-1.006-4.el9.noarch 1659052973 124471 fb43105efb57c1b3cf99c70e6c55b353 installed
perl-English-0:1.11-483.el9.noarch 1781305765 7319 769e67a54d34efd44f7a0623fa9aac81 installed
perl-Config-Perl-V-0.33-4.el9.noarch 1659049701 25255 30513e1c0626fa3f69b41c5432020fed installed
perl-Config-Extensions-0:0.03-483.el9.noarch 1781305765 3660 4d007591cc1363287444fbc14d6cc546 installed
perl-CPAN-DistnameInfo-0.12-23.el9.noarch 1659048997 11057 f718f427dd03af9d162ae42c1e627f7e installed
perl-Attribute-Handlers-0:1.01-483.el9.noarch 1781305765 39367 75a7bca41e674bf880c3c062a21c36eb installed
perl-Algorithm-Diff-1.2010-4.el9.noarch 1659048325 110575 54dea6bc72423aeca0ac0f602997d5f8 installed
perl-Text-Diff-1.45-13.el9.noarch 1659076970 85715 567c175ac50b62b12d639d3547ee0da5 installed
llvm-filesystem-21.1.8-2.el9.redsleeve.armv6hl 1782888145 0 f752f19ed8d9709cd2cd1bd8e7f5133d installed
xz-devel-5.2.5-8.el9.armv6hl 1658503527 206633 8262e8b05a9a18d2d19f8fcbb915605f installed
python3-setuptools-wheel-53.0.0-15.el9.noarch 1766446993 562657 27ba1f9ed8904d49c68a8aefe5694777 installed
python3-pip-wheel-21.3.1-2.el9_8.rocky.0.1.noarch 1781243466 1232804 c1ce15992043ff269b4292c6395ead3a installed
libstdc++-devel-11.5.0-14.el9.redsleeve.armv6hl 1782175757 13230303 c6e7d4c7d6f9f0f440ee3e619987f226 installed
hwdata-0.348-9.22.el9.noarch 1781135012 10296814 fc510bcb16696fe65ba47d09421ef732 installed
perl-version-7:0.99.28-4.el9.armv6hl 1659079971 123492 46e57f1ccbf5b6b02a2343dd10e155b6 installed
perl-Time-HiRes-4:1.9764-462.el9.armv6hl 1659077462 113924 26f7ce5df6417845bdb8827e8c5da5df installed
perl-CPAN-Meta-Requirements-2.140-461.el9.noarch 1659049154 70661 f0aba7961b2aac22de3b1f73bf19f772 installed
perl-CPAN-Meta-2.150010-460.el9.noarch 1659049044 610128 6fd27bc7b420f5c806ce6da027ddd9dc installed
perl-threads-1:2.25-460.el9.armv6hl 1659079778 105580 df5335d94715a05eb03dc2df118b0ac2 installed
perl-threads-shared-1.61-460.el9.0.1.armv6hl 1663398244 73311 aa40115ed802dc2c51131e76ab6c6713 installed
perl-Compress-Raw-Zlib-2.101-5.el9.armv6hl 1659049631 139593 9eb4c7c81f89564297b49a3f1abb818d installed
perl-Test-Harness-1:3.42-461.el9.noarch 1659076654 580535 9f1ef4f123ea3436c305ade9b2140385 installed
perl-Module-CoreList-1:5.20240609-1.el9.noarch 1754238079 1181560 ae19be87751c61528423e442aff87de3 installed
perl-Module-Metadata-1.000037-460.el9.noarch 1659074001 69188 a141724c5ad43a056cdff78a03e82d2d installed
perl-Module-Load-Conditional-0.74-4.el9.noarch 1659073955 29702 d570f0826d33915ac4d2cd6ddcde7eba installed
perl-IPC-Cmd-2:1.04-461.el9.noarch 1659071114 87236 9f4146c23714a06ec5cc512f11b349d2 installed
perl-Unicode-Normalize-1.27-461.el9.armv6hl 1659078016 376548 8c548016852d64be5a184e9677f5564f installed
perl-Digest-SHA-1:6.02-461.el9.armv6hl 1659051780 110682 0a59a4f6fa2d153796a559016f0670f4 installed
perl-Devel-Peek-0:1.28-483.el9.armv6hl 1781305765 94065 f31fe93795f398c0a31044816b7f8feb installed
m4-1.4.19-1.el9.armv6hl 1659012320 557034 31d66b0ede0d72bda86fa6253d5cbca7 installed
libmpc-1.2.1-4.el9.armv6hl 1658956548 109275 36b8a594c6c74b03ac4cfae3999cd017 installed
perl-Dumpvalue-0:2.27-483.el9.noarch 1781305765 21185 d1aeef5c8faf9f9777ad9240ba3291fa installed
perl-Net-Ping-2.74-5.el9.noarch 1659074345 137392 a8133c263ff0379da2034f7f5abdb980 installed
python3-libs-3.9.25-7.el9_8.2.redsleeve.armv6hl 1784318241 34011627 9c245b85fd0e9f250070975391eef3bc installed
python3-3.9.25-7.el9_8.2.redsleeve.armv6hl 1784318241 85236 3445d88509c488cca7053a43b389f894 installed
python-unversioned-command-3.9.25-7.el9_8.2.redsleeve.noarch 1784318241 23 992d3c567bc537b7f1d0a3570c970263 installed
python3-pyparsing-2.4.7-9.el9.noarch 1658484872 650026 d18469056c7e43ebb6148e55243e96f8 installed
python3-setuptools-53.0.0-15.el9.noarch 1766446993 4329444 5008ec9265e6f7808820b7da38301133 installed
perl-TermReadKey-2.38-11.el9.armv6hl 1659076600 61400 9072eef4580d0a496cab62e6c8bb0106 installed
perl-Sys-Hostname-0:1.23-483.el9.armv6hl 1781305765 73587 64112213aeb3be33933dff306fd915f4 installed
perl-Params-Util-1.102-5.el9.armv6hl 1659075050 51886 aadc9b1e8defed0ca6cdce9a9be1df2c installed
perl-Opcode-0:1.48-483.el9.armv6hl 1781305765 95463 7983c9903e9bcf8195965cc1aabacd83 installed
perl-Safe-0:2.41-483.el9.noarch 1781305765 32412 4b63a53800a516c08223838f88e68150 installed
perl-I18N-Langinfo-0:0.19-483.el9.armv6hl 1781305765 78921 dec11b07000072572756841a001cd9a5 installed
perl-Hash-Util-FieldHash-0:1.20-483.el9.armv6hl 1781305765 109159 ec597932640100d3fac118cf4d599dac installed
perl-Hash-Util-0:0.23-483.el9.armv6hl 1781305765 100866 f1edb723699f75e422cecabeb2c89299 installed
perl-Devel-PPPort-3.62-4.el9.armv6hl 1659051396 835088 895421c6f08f399bb0e0e6d451a5d7be installed
perl-Compress-Raw-Bzip2-2.101-5.el9.armv6hl 1659049533 55522 f4195a81bd136c42f63150506c788454 installed
perl-IO-Compress-2.102-4.el9_8.1.noarch 1783451103 864163 830b128d9ea37a3d12293487530a31be installed
perl-IO-Zlib-1:1.11-4.el9.noarch 1659071066 25517 8e2a9279e54623513d8032f9ec53fc0f installed
slang-2.3.2-11.el9.armv6hl 1658489395 1014912 1179cde091564acea7e2f58bbd6f3dcc installed
pciutils-libs-3.7.0-7.el9.armv6hl 1754013466 87053 5bb8faeeb627d9b33f890f0ddeb68a25 installed
make-1:4.3-8.el9.armv6hl 1717457573 1692850 4994f115103c26b7aa91f0d86a1d7d27 installed
slang-devel-2.3.2-11.el9.armv6hl 1658489395 930289 786934f0bdb4b041d57d16ffdb85b9e2 installed
perl-DBM_Filter-0:0.06-483.el9.noarch 1781305765 34920 1777fda733b2876c07f9e2b50ffb7338 installed
perl-fields-0:2.27-483.el9.noarch 1781305765 13100 986d6a88773a57ab9acce6e0f76b8520 installed
perl-Encode-Locale-1.05-21.el9.noarch 1659052165 19783 2bc47261a0e84439df31beab7fed74fc installed
perl-Data-OptList-0.110-17.el9.noarch 1659051209 49891 561fbeda49c5298891b6d1cd0c80eb4d installed
perl-Sub-Exporter-0.987-27.el9.noarch 1659076068 142832 a7643bdac05ce04dee3bcc7a5e97548f installed
perl-Data-Section-0.200007-14.el9.noarch 1660277900 43062 f5d2e4db4c8fa4ee47d24d186ed24130 installed
perl-Software-License-0.103014-12.el9.noarch 1659075864 465010 7c5346ab614865dfd1e38102df9f37db installed
python3-pip-21.3.1-2.el9_8.rocky.0.1.noarch 1781243466 9189864 3743a4fbd1623491d34a8c75d7b56612 installed
python3-packaging-20.9-5.el9.noarch 1659094448 254019 b039a80380e35e12561765d2e922e6cb installed
python3-rpm-generators-12-9.el9.noarch 1717795909 78358 e1ccc2f880da6164831591bfa967932d installed
systemtap-sdt-dtrace-5.4-4.el9.armv6hl 1782653453 184937 6a0ce09e8afd5973ab374225d4d56d8e installed
systemtap-sdt-devel-5.4-4.el9.armv6hl 1782653453 188425 f277a696879bedff02fc0e60d2685b43 installed
perl-debugger-0:1.56-483.el9.noarch 1781305765 412709 a54c6732a05e0a4a9e8b072939b16a0c installed
perl-Unicode-UCD-0:0.75-483.el9.noarch 1781305765 210569 1f6f99f9eb49c79cac6c0548e4113148 installed
perl-File-Fetch-1.00-4.el9.noarch 1659052923 60401 d43c1baa08ad2fc0a83100ce6331e6de installed
perl-Module-CoreList-tools-1:5.20240609-1.el9.noarch 1754238079 19264 a3dfd19d24517fab38d37a7bc5de910e installed
perl-Archive-Zip-1.68-6.el9.noarch 1659048482 299088 ef627d9b5229f5d856aa933ce7b552ae installed
perl-Thread-0:3.05-483.el9.noarch 1781305765 13365 94b411c74535294b5ca46ce0293ceb2a installed
perl-Thread-Queue-3.14-460.el9.noarch 1659077334 29828 125a5b18f20262f85d928de2bcba8ad4 installed
perl-Thread-Semaphore-0:2.13-483.el9.noarch 1781305765 11219 8124954e3af30314f30a651d8623891c installed
perl-experimental-0.022-6.el9.noarch 1659079076 31555 12d2d9980523398aee6f478e69b6d937 installed
pciutils-3.7.0-7.el9.armv6hl 1754013466 293267 91e917528f0841fde9d945c009046122 installed
newt-0.52.21-11.el9.armv6hl 1658621477 186668 f3e6d964c90235d7ca64fd864e081bbd installed
cpp-11.5.0-14.el9.redsleeve.armv6hl 1782175757 24021815 be30a92a2bfab7876dd6f8e1dfbe5786 installed
perl-Unicode-Collate-1.29-4.el9.armv6hl 1659077794 4489856 830551a5513ecf680aba49ed9af047bf installed
perl-Math-BigInt-FastCalc-0.500.900-460.el9.armv6hl 1659073382 37521 89d1e4736dd648b1537e11c90ee0dac8 installed
perl-Digest-SHA1-2.13-34.el9.armv6hl 1659051849 102297 959862d782db02fd812eb8e976063799 installed
perl-Time-Piece-0:1.3401-483.el9.armv6hl 1781305765 114743 9f2a49f1489a87f10133a7f4ddd45202 installed
perl-Sys-Syslog-0.36-461.el9.armv6hl 1659076291 92792 a742c589d04af144dcddb3f38294054b installed
perl-ODBM_File-0:1.16-483.el9.armv6hl 1781305765 74074 5c6ba643f54f4563b0b6f6b6ccb1ba8b installed
perl-IPC-SysV-2.09-4.el9.armv6hl 1659071173 76184 ed4263a9776947ec3d1e95382447f756 installed
perl-GDBM_File-0:1.18-483.el9.armv6hl 1781305765 72575 7aed6bbb458b080a7747afd60e598738 installed
perl-File-DosGlob-0:1.12-483.el9.armv6hl 1781305765 78818 c672696dfb96a52127a6074620589439 installed
perl-Devel-Size-0.83-10.el9.armv6hl 1659051574 42551 73007f3d87d7ec15246b3e26632f414f installed
perl-DB_File-1.855-4.el9.armv6hl 1659051022 185298 2165324bbc0622a34ad4a531bf47d1d0 installed
perl-Compress-Raw-Lzma-2.101-3.el9.armv6hl 1660277752 112138 2a503a8a695d63bed9251345a6829bcc installed
perl-IO-Compress-Lzma-2.101-4.el9.noarch 1659070523 212180 f7677e2e9328fbfc17ccd66de9b42ffa installed
perl-Archive-Tar-2.38-6.el9_8.2.noarch 1785905539 160084 f1b0bd16fa9af99f606c40268f314ebd installed
perl-Compress-Bzip2-2.28-5.el9.armv6hl 1659049432 141470 97adc7164de8549278da37465b0ef6f3 installed
libdatrie-0.2.13-4.el9.armv6hl 1658945389 50451 24ed1f4e19744a7fd52357545469c4b9 installed
libthai-0.1.28-8.el9.armv6hl 1658971278 769520 41998bf64e4f4ade899f21fe46fc8236 installed
sombok-2.4.0-16.el9.armv6hl 1659163553 120454 46c3aa6818a8ea4243a2f4fa1e549441 installed
perl-Unicode-LineBreak-2019.001-11.el9.armv6hl 1659077915 289421 98701217e88532c3e89faa4451f402c0 installed
perl-Term-Table-0.015-8.el9.noarch 1659076548 61020 bc937d99a7ede18ecacffd5a9d52bf38 installed
perl-Test-Simple-3:1.302183-4.el9.noarch 1659076761 1387275 9b8ed3d5df53dac99c82eddb63cb770d installed
npth-1.6-8.el9.armv6hl 1658472040 41569 940023c93b87439298906b57fcc86c96 installed
nettle-3.10.1-1.el9.armv6hl 1754095075 980784 7251f1ed0b1846b7602ce0790ecceb88 installed
gnutls-3.8.10-8.el9_8.armv6hl 1786078029 3332419 949ff3b5a4e417208fce44c4904d38ba installed
ncurses-c++-libs-6.2-12.20210508.el9.armv6hl 1766441027 138226 a92481e870138a66b5c823b77e7fc7d1 installed
libubsan-11.5.0-14.el9.redsleeve.armv6hl 1782175757 419286 86e00811d8fcda835661ed24fb4847de installed
libksba-1.5.1-7.el9.armv6hl 1735077104 393808 208a01238cbf61177fe3d3b53da67703 installed
libkcapi-1.4.0-2.el9.armv6hl 1721575229 79742 c411626d0ceef3836a1a0f5f7899a9df installed
libedit-3.1-39.20210216cvs.el9.armv6hl 1781135633 218389 63557854fe73f1dd583a74dbd9e4c2aa installed
llvm-libs-21.1.8-2.el9.redsleeve.armv6hl 1782888145 119463019 594bc12fccdb63c839a95085e62f9aee installed
libassuan-2.5.5-3.el9.armv6hl 1658451208 149807 a8f002557784d85f9d85b66ef17919e9 installed
gnupg2-2.3.3-5.el9.armv6hl 1769541991 9401297 1d8ea7fb6e302987a4fde48e0a5b7214 installed
perl-Module-Signature-0.88-1.el9.noarch 1659074064 139139 ebbf53ad94e4b2ac7d6664fd9d318ab6 installed
libasan-11.5.0-14.el9.redsleeve.armv6hl 1782175757 1284176 c3e67668fa7dee6afbf5a2f2511c355f installed
gcc-11.5.0-14.el9.redsleeve.armv6hl 1782175757 71644610 f3fe19c928ac22fa200d8a06c07c0268 installed
perl-devel-4:5.32.1-483.el9.armv6hl 1781305765 7699596 42389e552a75c9a5cf62dcab3143fe8c installed
perl-ExtUtils-Install-2.20-4.el9.noarch 1659052463 88180 96527b046b6f7eac7fd36b86e31d5979 installed
perl-ExtUtils-MakeMaker-2:7.60-3.el9.noarch 1659052522 756013 a007152c721df35a444ffb2df6c5c215 installed
perl-Filter-2:1.60-4.el9.armv6hl 1659053392 143953 08c2b88af566f24f36e2b82d3d97ce90 installed
perl-encoding-4:3.00-462.el9.armv6hl 1659051908 148918 87d5c036a787a87d7192a6a43a9cc8d5 installed
perl-ExtUtils-Embed-0:1.35-483.el9.noarch 1781305765 16861 bc6c78736ce6b02b84f6dd3ab2683b82 installed
perl-ExtUtils-Miniperl-0:1.09-483.el9.noarch 1781305765 9994 dc202f3043a97316ba989de45d4c2499 installed
perl-open-0:1.12-483.el9.noarch 1781305765 12457 cafcdda126fc15f5851a5f65d82e18fd installed
perl-Filter-Simple-0.96-460.el9.noarch 1659053462 52142 c676f75b901ec827fb1598547b1002ab installed
perl-libnetcfg-4:5.32.1-483.el9.noarch 1781305765 18264 76c1cb14ecfad946cb84a05d8c11eb46 installed
perl-inc-latest-2:0.500-20.el9.noarch 1659079169 35853 6f8ea6e3d7df27df2237aa5c5f1f2da1 installed
perl-Encode-devel-4:3.08-462.el9.armv6hl 1659051908 102148 debf8957334d0243462a3d946c880bfb installed
gcc-c++-11.5.0-14.el9.redsleeve.armv6hl 1782175757 26975618 4b3eab9f92a53cc2fac5230fa776d4bb installed
perl-ExtUtils-CBuilder-1:0.280236-5.el9.noarch 1781311582 98756 6287b553a220917c8da039b9127a244e installed
perl-Module-Build-2:0.42.31-9.el9.noarch 1659073531 668479 310aeb05041cbf3b12bbbd9465a46927 installed
perl-CPAN-2.29-5.el9.noarch 1754237875 1970465 1a4fcf8d284891d2c89627b294777939 installed
perl-4:5.32.1-483.el9.armv6hl 1781305765 0 44d5a828221159e2a18959d394412ad8 installed
gettext-libs-0.21-8.el9.armv6hl 1704688032 822772 a5f2762858d6fb01da2cef0f2fd2974b installed
ncurses-devel-6.2-12.20210508.el9.armv6hl 1766441027 877376 f9a003764b915cd8fd1de6329d443f10 installed
newt-devel-0.52.21-11.el9.armv6hl 1658621477 127459 72673f274cbe23444951cb07e123693d installed
pciutils-devel-3.7.0-7.el9.armv6hl 1754013466 90311 797c7ae5634c76e0b93198ba7f83dd06 installed
python3-devel-3.9.25-7.el9_8.2.redsleeve.armv6hl 1784318241 781326 21bd7e87c2c1cdb710f22cc579d89b04 installed
elfutils-devel-0.194-1.el9.rocky.0.1.armv6hl 1781277616 201472 13952be1047001282cd8b34f623ad73a installed
audit-libs-devel-3.1.5-8.el9.armv6hl 1781242275 97592 2b9101b806e1d6874e20125bbd5fbcea installed
binutils-devel-2.35.2-72.el9.redsleeve.armv6hl 1781372535 22450647 cf5b627600c1a31443ed451e7a851a92 installed
openssl-devel-1:3.5.5-6.el9_8.armv6hl 1785306290 5369354 e4968e89cc4b204a58e2fb104a66eae9 installed
gettext-0.21-8.el9.armv6hl 1704688032 5036937 42f653c31a0bcd6dd27762af6f40b937 installed
gcc-plugin-annobin-11.5.0-14.el9.redsleeve.armv6hl 1782175757 69027 b20a4c206bd7c6a15d00fa3179868d6f installed
annobin-12.98-2.el9.armv6hl 1782348917 1213446 0b2ad508859f840a0aa31db875c020be installed
libkcapi-hmaccalc-1.4.0-2.el9.armv6hl 1721575229 28205 d12c5c71a8e45c4e67a7249b521cca3f installed
bison-3.7.4-5.el9.armv6hl 1658845814 3248123 082bd6f8abe5718def955b32089a93b8 installed
flex-2.6.4-9.el9.armv6hl 1658877955 847220 cb0faa9f42ea221c7e2f3bed07810f18 installed
net-tools-2.0-0.64.20160912git.el9.armv6hl 1735085503 1237564 99dfeffa887c6269a50c4b0063e1eb4d installed
kmod-28-11.el9.armv6hl 1766434558 285875 4971bee68fddc8d98ecc798be0513a16 installed
hostname-3.23-6.el9.armv6hl 1658444558 37708 46a01b0db13ee28234ca070366af351c installed
bc-1.07.1-14.el9.armv6hl 1658422215 216929 db5541b7484694286f7753c20148fc77 installed
